stm32l4xx_ll_gpio.h:986:22:LL_GPIO_ResetOutputPin	16	static
stm32l4xx_ll_gpio.h:1015:22:LL_GPIO_TogglePin	24	static
stm32l4xx_ll_bus.h:565:22:LL_AHB2_GRP1_EnableClock	24	static
main.c:82:5:main	40	static
main.c:161:6:SystemClock_Config	232	static
main.c:221:13:MX_DFSDM1_Init	8	static
main.c:274:13:MX_USART2_UART_Init	8	static
main.c:307:13:MX_DMA_Init	16	static
main.c:331:13:MX_GPIO_Init	32	static
main.c:365:6:HAL_UART_TxCpltCallback	16	static
main.c:370:6:HAL_DFSDM_FilterRegConvHalfCpltCallback	16	static
main.c:376:6:HAL_DFSDM_FilterRegConvCpltCallback	16	static
main.c:387:6:Error_Handler	4	static,ignoring_inline_asm
