../Core/Src/main.c:119:6:HAL_TIM_IC_CaptureCallback	16	static
../Core/Src/main.c:128:5:main	288	static
../Core/Src/main.c:218:6:SystemClock_Config	88	static
../Core/Src/main.c:264:13:MX_SAI1_Init	8	static
../Core/Src/main.c:303:13:MX_SPI1_Init	8	static
../Core/Src/main.c:341:13:MX_TIM2_Init	32	static
../Core/Src/main.c:389:13:MX_UART4_Init	8	static
../Core/Src/main.c:422:13:MX_USART2_UART_Init	8	static
../Core/Src/main.c:453:13:MX_DMA_Init	16	static
../Core/Src/main.c:475:13:MX_GPIO_Init	48	static
../Core/Src/main.c:508:6:HAL_SAI_RxHalfCpltCallback	16	static
../Core/Src/main.c:512:6:HAL_SAI_RxCpltCallback	16	static
../Core/Src/main.c:516:6:sendData	72	static
../Core/Src/main.c:636:6:Error_Handler	4	static,ignoring_inline_asm
