../Core/Src/main.c:81:6:HAL_UART_RxCpltCallback	32	static
../Core/Src/main.c:115:5:main	328	dynamic
../Core/Src/main.c:191:6:SystemClock_Config	88	static
../Core/Src/main.c:243:13:MX_SPI1_Init	8	static
../Core/Src/main.c:281:13:MX_TIM2_Init	32	static
../Core/Src/main.c:329:13:MX_USART1_UART_Init	8	static
../Core/Src/main.c:362:13:MX_USART2_UART_Init	8	static
../Core/Src/main.c:393:13:MX_DMA_Init	16	static
../Core/Src/main.c:415:13:MX_GPIO_Init	56	static
../Core/Src/main.c:477:6:Error_Handler	4	static,ignoring_inline_asm
