../Core/Src/main.c:82:6:HAL_UART_RxCpltCallback	32	static
../Core/Src/main.c:116:5:main	328	dynamic
../Core/Src/main.c:193:6:SystemClock_Config	88	static
../Core/Src/main.c:245:13:MX_SPI1_Init	8	static
../Core/Src/main.c:283:13:MX_TIM2_Init	32	static
../Core/Src/main.c:331:13:MX_USART1_UART_Init	8	static
../Core/Src/main.c:364:13:MX_USART2_UART_Init	8	static
../Core/Src/main.c:395:13:MX_DMA_Init	16	static
../Core/Src/main.c:417:13:MX_GPIO_Init	56	static
../Core/Src/main.c:479:6:Error_Handler	4	static,ignoring_inline_asm
