Archive member included to satisfy reference by file (symbol)

c:/st/stm32cubeide_1.7.0/stm32cubeide/plugins/com.st.stm32cube.ide.mcu.externaltools.gnu-tools-for-stm32.9-2020-q2-update.win32_2.0.0.202105311346/tools/bin/../lib/gcc/arm-none-eabi/9.3.1/../../../../arm-none-eabi/lib/thumb/v7e-m+fp/hard\libc_nano.a(lib_a-errno.o)
                              ./Core/Src/syscalls.o (__errno)
c:/st/stm32cubeide_1.7.0/stm32cubeide/plugins/com.st.stm32cube.ide.mcu.externaltools.gnu-tools-for-stm32.9-2020-q2-update.win32_2.0.0.202105311346/tools/bin/../lib/gcc/arm-none-eabi/9.3.1/../../../../arm-none-eabi/lib/thumb/v7e-m+fp/hard\libc_nano.a(lib_a-exit.o)
                              c:/st/stm32cubeide_1.7.0/stm32cubeide/plugins/com.st.stm32cube.ide.mcu.externaltools.gnu-tools-for-stm32.9-2020-q2-update.win32_2.0.0.202105311346/tools/bin/../lib/gcc/arm-none-eabi/9.3.1/../../../../arm-none-eabi/lib/thumb/v7e-m+fp/hard/crt0.o (exit)
c:/st/stm32cubeide_1.7.0/stm32cubeide/plugins/com.st.stm32cube.ide.mcu.externaltools.gnu-tools-for-stm32.9-2020-q2-update.win32_2.0.0.202105311346/tools/bin/../lib/gcc/arm-none-eabi/9.3.1/../../../../arm-none-eabi/lib/thumb/v7e-m+fp/hard\libc_nano.a(lib_a-impure.o)
                              c:/st/stm32cubeide_1.7.0/stm32cubeide/plugins/com.st.stm32cube.ide.mcu.externaltools.gnu-tools-for-stm32.9-2020-q2-update.win32_2.0.0.202105311346/tools/bin/../lib/gcc/arm-none-eabi/9.3.1/../../../../arm-none-eabi/lib/thumb/v7e-m+fp/hard\libc_nano.a(lib_a-exit.o) (_global_impure_ptr)
c:/st/stm32cubeide_1.7.0/stm32cubeide/plugins/com.st.stm32cube.ide.mcu.externaltools.gnu-tools-for-stm32.9-2020-q2-update.win32_2.0.0.202105311346/tools/bin/../lib/gcc/arm-none-eabi/9.3.1/../../../../arm-none-eabi/lib/thumb/v7e-m+fp/hard\libc_nano.a(lib_a-init.o)
                              c:/st/stm32cubeide_1.7.0/stm32cubeide/plugins/com.st.stm32cube.ide.mcu.externaltools.gnu-tools-for-stm32.9-2020-q2-update.win32_2.0.0.202105311346/tools/bin/../lib/gcc/arm-none-eabi/9.3.1/../../../../arm-none-eabi/lib/thumb/v7e-m+fp/hard/crt0.o (__libc_init_array)
c:/st/stm32cubeide_1.7.0/stm32cubeide/plugins/com.st.stm32cube.ide.mcu.externaltools.gnu-tools-for-stm32.9-2020-q2-update.win32_2.0.0.202105311346/tools/bin/../lib/gcc/arm-none-eabi/9.3.1/../../../../arm-none-eabi/lib/thumb/v7e-m+fp/hard\libc_nano.a(lib_a-memset.o)
                              c:/st/stm32cubeide_1.7.0/stm32cubeide/plugins/com.st.stm32cube.ide.mcu.externaltools.gnu-tools-for-stm32.9-2020-q2-update.win32_2.0.0.202105311346/tools/bin/../lib/gcc/arm-none-eabi/9.3.1/../../../../arm-none-eabi/lib/thumb/v7e-m+fp/hard/crt0.o (memset)
c:/st/stm32cubeide_1.7.0/stm32cubeide/plugins/com.st.stm32cube.ide.mcu.externaltools.gnu-tools-for-stm32.9-2020-q2-update.win32_2.0.0.202105311346/tools/bin/../lib/gcc/arm-none-eabi/9.3.1/thumb/v7e-m+fp/hard\libgcc.a(_aeabi_uldivmod.o)
                              ./Core/Src/lora_sx1276.o (__aeabi_uldivmod)
c:/st/stm32cubeide_1.7.0/stm32cubeide/plugins/com.st.stm32cube.ide.mcu.externaltools.gnu-tools-for-stm32.9-2020-q2-update.win32_2.0.0.202105311346/tools/bin/../lib/gcc/arm-none-eabi/9.3.1/thumb/v7e-m+fp/hard\libgcc.a(_udivmoddi4.o)
                              c:/st/stm32cubeide_1.7.0/stm32cubeide/plugins/com.st.stm32cube.ide.mcu.externaltools.gnu-tools-for-stm32.9-2020-q2-update.win32_2.0.0.202105311346/tools/bin/../lib/gcc/arm-none-eabi/9.3.1/thumb/v7e-m+fp/hard\libgcc.a(_aeabi_uldivmod.o) (__udivmoddi4)
c:/st/stm32cubeide_1.7.0/stm32cubeide/plugins/com.st.stm32cube.ide.mcu.externaltools.gnu-tools-for-stm32.9-2020-q2-update.win32_2.0.0.202105311346/tools/bin/../lib/gcc/arm-none-eabi/9.3.1/thumb/v7e-m+fp/hard\libgcc.a(_dvmd_tls.o)
                              c:/st/stm32cubeide_1.7.0/stm32cubeide/plugins/com.st.stm32cube.ide.mcu.externaltools.gnu-tools-for-stm32.9-2020-q2-update.win32_2.0.0.202105311346/tools/bin/../lib/gcc/arm-none-eabi/9.3.1/thumb/v7e-m+fp/hard\libgcc.a(_aeabi_uldivmod.o) (__aeabi_ldiv0)

Allocating common symbols
Common symbol       size              file

uwTick              0x4               ./Drivers/STM32F4xx_HAL_Driver/Src/stm32f4xx_hal.o
pFlash              0x20              ./Drivers/STM32F4xx_HAL_Driver/Src/stm32f4xx_hal_flash.o
hspi1               0x58              ./Core/Src/main.o
huart2              0x44              ./Core/Src/main.o

Discarded input sections

 .text          0x0000000000000000        0x0 c:/st/stm32cubeide_1.7.0/stm32cubeide/plugins/com.st.stm32cube.ide.mcu.externaltools.gnu-tools-for-stm32.9-2020-q2-update.win32_2.0.0.202105311346/tools/bin/../lib/gcc/arm-none-eabi/9.3.1/thumb/v7e-m+fp/hard/crti.o
 .data          0x0000000000000000        0x0 c:/st/stm32cubeide_1.7.0/stm32cubeide/plugins/com.st.stm32cube.ide.mcu.externaltools.gnu-tools-for-stm32.9-2020-q2-update.win32_2.0.0.202105311346/tools/bin/../lib/gcc/arm-none-eabi/9.3.1/thumb/v7e-m+fp/hard/crti.o
[...]
Memory Configuration

Name             Origin             Length             Attributes
RAM              0x0000000020000000 0x0000000000020000 xrw
FLASH            0x0000000008000000 0x0000000000080000 xr
*default*        0x0000000000000000 0xffffffffffffffff

Linker script and memory map

LOAD c:/st/stm32cubeide_1.7.0/stm32cubeide/plugins/com.st.stm32cube.ide.mcu.externaltools.gnu-tools-for-stm32.9-2020-q2-update.win32_2.0.0.202105311346/tools/bin/../lib/gcc/arm-none-eabi/9.3.1/thumb/v7e-m+fp/hard/crti.o
LOAD c:/st/stm32cubeide_1.7.0/stm32cubeide/plugins/com.st.stm32cube.ide.mcu.externaltools.gnu-tools-for-stm32.9-2020-q2-update.win32_2.0.0.202105311346/tools/bin/../lib/gcc/arm-none-eabi/9.3.1/thumb/v7e-m+fp/hard/crtbegin.o
LOAD c:/st/stm32cubeide_1.7.0/stm32cubeide/plugins/com.st.stm32cube.ide.mcu.externaltools.gnu-tools-for-stm32.9-2020-q2-update.win32_2.0.0.202105311346/tools/bin/../lib/gcc/arm-none-eabi/9.3.1/../../../../arm-none-eabi/lib/thumb/v7e-m+fp/hard/crt0.o
LOAD ./Core/Src/lora_sx1276.o
LOAD ./Core/Src/main.o
LOAD ./Core/Src/stm32f4xx_hal_msp.o
LOAD ./Core/Src/stm32f4xx_it.o
LOAD ./Core/Src/syscalls.o
LOAD ./Core/Src/sysmem.o
LOAD ./Core/Src/system_stm32f4xx.o
LOAD ./Core/Startup/startup_stm32f446retx.o
LOAD ./Drivers/STM32F4xx_HAL_Driver/Src/stm32f4xx_hal.o
LOAD ./Drivers/STM32F4xx_HAL_Driver/Src/stm32f4xx_hal_cortex.o
LOAD ./Drivers/STM32F4xx_HAL_Driver/Src/stm32f4xx_hal_dma.o
LOAD ./Drivers/STM32F4xx_HAL_Driver/Src/stm32f4xx_hal_dma_ex.o
LOAD ./Drivers/STM32F4xx_HAL_Driver/Src/stm32f4xx_hal_exti.o
LOAD ./Drivers/STM32F4xx_HAL_Driver/Src/stm32f4xx_hal_flash.o
LOAD ./Drivers/STM32F4xx_HAL_Driver/Src/stm32f4xx_hal_flash_ex.o
LOAD ./Drivers/STM32F4xx_HAL_Driver/Src/stm32f4xx_hal_flash_ramfunc.o
LOAD ./Drivers/STM32F4xx_HAL_Driver/Src/stm32f4xx_hal_gpio.o
LOAD ./Drivers/STM32F4xx_HAL_Driver/Src/stm32f4xx_hal_pwr.o
LOAD ./Drivers/STM32F4xx_HAL_Driver/Src/stm32f4xx_hal_pwr_ex.o
LOAD ./Drivers/STM32F4xx_HAL_Driver/Src/stm32f4xx_hal_rcc.o
LOAD ./Drivers/STM32F4xx_HAL_Driver/Src/stm32f4xx_hal_rcc_ex.o
LOAD ./Drivers/STM32F4xx_HAL_Driver/Src/stm32f4xx_hal_spi.o
LOAD ./Drivers/STM32F4xx_HAL_Driver/Src/stm32f4xx_hal_tim.o
LOAD ./Drivers/STM32F4xx_HAL_Driver/Src/stm32f4xx_hal_tim_ex.o
LOAD ./Drivers/STM32F4xx_HAL_Driver/Src/stm32f4xx_hal_uart.o
START GROUP
LOAD c:/st/stm32cubeide_1.7.0/stm32cubeide/plugins/com.st.stm32cube.ide.mcu.externaltools.gnu-tools-for-stm32.9-2020-q2-update.win32_2.0.0.202105311346/tools/bin/../lib/gcc/arm-none-eabi/9.3.1/../../../../arm-none-eabi/lib/thumb/v7e-m+fp/hard\libc_nano.a
LOAD c:/st/stm32cubeide_1.7.0/stm32cubeide/plugins/com.st.stm32cube.ide.mcu.externaltools.gnu-tools-for-stm32.9-2020-q2-update.win32_2.0.0.202105311346/tools/bin/../lib/gcc/arm-none-eabi/9.3.1/../../../../arm-none-eabi/lib/thumb/v7e-m+fp/hard\libm.a
END GROUP
START GROUP
LOAD c:/st/stm32cubeide_1.7.0/stm32cubeide/plugins/com.st.stm32cube.ide.mcu.externaltools.gnu-tools-for-stm32.9-2020-q2-update.win32_2.0.0.202105311346/tools/bin/../lib/gcc/arm-none-eabi/9.3.1/thumb/v7e-m+fp/hard\libgcc.a
LOAD c:/st/stm32cubeide_1.7.0/stm32cubeide/plugins/com.st.stm32cube.ide.mcu.externaltools.gnu-tools-for-stm32.9-2020-q2-update.win32_2.0.0.202105311346/tools/bin/../lib/gcc/arm-none-eabi/9.3.1/../../../../arm-none-eabi/lib/thumb/v7e-m+fp/hard\libc_nano.a
END GROUP
START GROUP
LOAD c:/st/stm32cubeide_1.7.0/stm32cubeide/plugins/com.st.stm32cube.ide.mcu.externaltools.gnu-tools-for-stm32.9-2020-q2-update.win32_2.0.0.202105311346/tools/bin/../lib/gcc/arm-none-eabi/9.3.1/thumb/v7e-m+fp/hard\libgcc.a
LOAD c:/st/stm32cubeide_1.7.0/stm32cubeide/plugins/com.st.stm32cube.ide.mcu.externaltools.gnu-tools-for-stm32.9-2020-q2-update.win32_2.0.0.202105311346/tools/bin/../lib/gcc/arm-none-eabi/9.3.1/../../../../arm-none-eabi/lib/thumb/v7e-m+fp/hard\libc_nano.a
LOAD c:/st/stm32cubeide_1.7.0/stm32cubeide/plugins/com.st.stm32cube.ide.mcu.externaltools.gnu-tools-for-stm32.9-2020-q2-update.win32_2.0.0.202105311346/tools/bin/../lib/gcc/arm-none-eabi/9.3.1/../../../../arm-none-eabi/lib/thumb/v7e-m+fp/hard\libnosys.a
END GROUP
START GROUP
LOAD c:/st/stm32cubeide_1.7.0/stm32cubeide/plugins/com.st.stm32cube.ide.mcu.externaltools.gnu-tools-for-stm32.9-2020-q2-update.win32_2.0.0.202105311346/tools/bin/../lib/gcc/arm-none-eabi/9.3.1/thumb/v7e-m+fp/hard\libgcc.a
LOAD c:/st/stm32cubeide_1.7.0/stm32cubeide/plugins/com.st.stm32cube.ide.mcu.externaltools.gnu-tools-for-stm32.9-2020-q2-update.win32_2.0.0.202105311346/tools/bin/../lib/gcc/arm-none-eabi/9.3.1/../../../../arm-none-eabi/lib/thumb/v7e-m+fp/hard\libc_nano.a
LOAD c:/st/stm32cubeide_1.7.0/stm32cubeide/plugins/com.st.stm32cube.ide.mcu.externaltools.gnu-tools-for-stm32.9-2020-q2-update.win32_2.0.0.202105311346/tools/bin/../lib/gcc/arm-none-eabi/9.3.1/../../../../arm-none-eabi/lib/thumb/v7e-m+fp/hard\libnosys.a
END GROUP
LOAD c:/st/stm32cubeide_1.7.0/stm32cubeide/plugins/com.st.stm32cube.ide.mcu.externaltools.gnu-tools-for-stm32.9-2020-q2-update.win32_2.0.0.202105311346/tools/bin/../lib/gcc/arm-none-eabi/9.3.1/thumb/v7e-m+fp/hard/crtend.o
LOAD c:/st/stm32cubeide_1.7.0/stm32cubeide/plugins/com.st.stm32cube.ide.mcu.externaltools.gnu-tools-for-stm32.9-2020-q2-update.win32_2.0.0.202105311346/tools/bin/../lib/gcc/arm-none-eabi/9.3.1/thumb/v7e-m+fp/hard/crtn.o
                0x0000000020020000                _estack = (ORIGIN (RAM) + LENGTH (RAM))
                0x0000000000000200                _Min_Heap_Size = 0x200
                0x0000000000000400                _Min_Stack_Size = 0x400

.isr_vector     0x0000000008000000      0x1c4
                0x0000000008000000                . = ALIGN (0x4)
 *(.isr_vector)
 .isr_vector    0x0000000008000000      0x1c4 ./Core/Startup/startup_stm32f446retx.o
                0x0000000008000000                g_pfnVectors
                0x00000000080001c4                . = ALIGN (0x4)

.text           0x00000000080001c8     0x3754
                0x00000000080001c8                . = ALIGN (0x4)
 *(.text)
 .text          0x00000000080001c8       0x40 c:/st/stm32cubeide_1.7.0/stm32cubeide/plugins/com.st.stm32cube.ide.mcu.externaltools.gnu-tools-for-stm32.9-2020-q2-update.win32_2.0.0.202105311346/tools/bin/../lib/gcc/arm-none-eabi/9.3.1/thumb/v7e-m+fp/hard/crtbegin.o
 .text          0x0000000008000208       0x30 c:/st/stm32cubeide_1.7.0/stm32cubeide/plugins/com.st.stm32cube.ide.mcu.externaltools.gnu-tools-for-stm32.9-2020-q2-update.win32_2.0.0.202105311346/tools/bin/../lib/gcc/arm-none-eabi/9.3.1/thumb/v7e-m+fp/hard\libgcc.a(_aeabi_uldivmod.o)
                0x0000000008000208                __aeabi_uldivmod
 .text          0x0000000008000238      0x2c4 c:/st/stm32cubeide_1.7.0/stm32cubeide/plugins/com.st.stm32cube.ide.mcu.externaltools.gnu-tools-for-stm32.9-2020-q2-update.win32_2.0.0.202105311346/tools/bin/../lib/gcc/arm-none-eabi/9.3.1/thumb/v7e-m+fp/hard\libgcc.a(_udivmoddi4.o)
                0x0000000008000238                __udivmoddi4
 .text          0x00000000080004fc        0x4 c:/st/stm32cubeide_1.7.0/stm32cubeide/plugins/com.st.stm32cube.ide.mcu.externaltools.gnu-tools-for-stm32.9-2020-q2-update.win32_2.0.0.202105311346/tools/bin/../lib/gcc/arm-none-eabi/9.3.1/thumb/v7e-m+fp/hard\libgcc.a(_dvmd_tls.o)
                0x00000000080004fc                __aeabi_idiv0
                0x00000000080004fc                __aeabi_ldiv0
 *(.text*)
 .text.read_register
                0x0000000008000500       0x6e ./Core/Src/lora_sx1276.o
 .text.write_register
                0x000000000800056e       0x68 ./Core/Src/lora_sx1276.o
 .text.write_fifo
                0x00000000080005d6       0x84 ./Core/Src/lora_sx1276.o
 .text.set_mode
                0x000000000800065a       0x26 ./Core/Src/lora_sx1276.o
 .text.set_OCP  0x0000000008000680       0x6c ./Core/Src/lora_sx1276.o
 .text.set_low_data_rate_optimization
                0x00000000080006ec       0x60 ./Core/Src/lora_sx1276.o
 .text.lora_mode_sleep
                0x000000000800074c       0x18 ./Core/Src/lora_sx1276.o
                0x000000000800074c                lora_mode_sleep
 .text.lora_mode_standby
                0x0000000008000764       0x18 ./Core/Src/lora_sx1276.o
                0x0000000008000764                lora_mode_standby
 .text.lora_set_explicit_header_mode
                0x000000000800077c       0x30 ./Core/Src/lora_sx1276.o
                0x000000000800077c                lora_set_explicit_header_mode
 .text.lora_set_tx_power
                0x00000000080007ac       0x98 ./Core/Src/lora_sx1276.o
                0x00000000080007ac                lora_set_tx_power
 .text.lora_set_frequency
                0x0000000008000844       0x8c ./Core/Src/lora_sx1276.o
                0x0000000008000844                lora_set_frequency
 .text.lora_set_spreading_factor
                0x00000000080008d0       0x88 ./Core/Src/lora_sx1276.o
                0x00000000080008d0                lora_set_spreading_factor
 .text.lora_set_preamble_length
                0x0000000008000958       0x3a ./Core/Src/lora_sx1276.o
                0x0000000008000958                lora_set_preamble_length
 .text.lora_version
                0x0000000008000992       0x1a ./Core/Src/lora_sx1276.o
                0x0000000008000992                lora_version
 .text.lora_is_transmitting
                0x00000000080009ac       0x2c ./Core/Src/lora_sx1276.o
                0x00000000080009ac                lora_is_transmitting
 .text.lora_send_packet_base
                0x00000000080009d8       0x84 ./Core/Src/lora_sx1276.o
 .text.lora_send_packet
                0x0000000008000a5c       0x24 ./Core/Src/lora_sx1276.o
                0x0000000008000a5c                lora_send_packet
 .text.lora_clear_interrupt_tx_done
                0x0000000008000a80       0x1a ./Core/Src/lora_sx1276.o
                0x0000000008000a80                lora_clear_interrupt_tx_done
 .text.lora_init
                0x0000000008000a9a       0xc0 ./Core/Src/lora_sx1276.o
                0x0000000008000a9a                lora_init
 *fill*         0x0000000008000b5a        0x6 
 .text.main     0x0000000008000b60       0xdc ./Core/Src/main.o
                0x0000000008000b60                main
 .text.SystemClock_Config
                0x0000000008000c3c       0xd8 ./Core/Src/main.o
                0x0000000008000c3c                SystemClock_Config
 .text.MX_SPI1_Init
                0x0000000008000d14       0x6c ./Core/Src/main.o
 .text.MX_USART2_UART_Init
                0x0000000008000d80       0x54 ./Core/Src/main.o
 .text.MX_GPIO_Init
                0x0000000008000dd4      0x16c ./Core/Src/main.o
 .text.Error_Handler
                0x0000000008000f40        0xa ./Core/Src/main.o
                0x0000000008000f40                Error_Handler
 *fill*         0x0000000008000f4a        0x2 
 .text.HAL_MspInit
                0x0000000008000f4c       0x50 ./Core/Src/stm32f4xx_hal_msp.o
                0x0000000008000f4c                HAL_MspInit
 .text.HAL_SPI_MspInit
                0x0000000008000f9c       0x90 ./Core/Src/stm32f4xx_hal_msp.o
                0x0000000008000f9c                HAL_SPI_MspInit
 .text.HAL_UART_MspInit
                0x000000000800102c       0x90 ./Core/Src/stm32f4xx_hal_msp.o
                0x000000000800102c                HAL_UART_MspInit
 .text.NMI_Handler
                0x00000000080010bc        0x6 ./Core/Src/stm32f4xx_it.o
                0x00000000080010bc                NMI_Handler
 .text.HardFault_Handler
                0x00000000080010c2        0x6 ./Core/Src/stm32f4xx_it.o
                0x00000000080010c2                HardFault_Handler
 .text.MemManage_Handler
                0x00000000080010c8        0x6 ./Core/Src/stm32f4xx_it.o
                0x00000000080010c8                MemManage_Handler
 .text.BusFault_Handler
                0x00000000080010ce        0x6 ./Core/Src/stm32f4xx_it.o
                0x00000000080010ce                BusFault_Handler
 .text.UsageFault_Handler
                0x00000000080010d4        0x6 ./Core/Src/stm32f4xx_it.o
                0x00000000080010d4                UsageFault_Handler
 .text.SVC_Handler
                0x00000000080010da        0xe ./Core/Src/stm32f4xx_it.o
                0x00000000080010da                SVC_Handler
 .text.DebugMon_Handler
                0x00000000080010e8        0xe ./Core/Src/stm32f4xx_it.o
                0x00000000080010e8                DebugMon_Handler
 .text.PendSV_Handler
                0x00000000080010f6        0xe ./Core/Src/stm32f4xx_it.o
                0x00000000080010f6                PendSV_Handler
 .text.SysTick_Handler
                0x0000000008001104        0xc ./Core/Src/stm32f4xx_it.o
                0x0000000008001104                SysTick_Handler
 .text.EXTI1_IRQHandler
                0x0000000008001110        0xe ./Core/Src/stm32f4xx_it.o
                0x0000000008001110                EXTI1_IRQHandler
 .text.EXTI15_10_IRQHandler
                0x000000000800111e       0x18 ./Core/Src/stm32f4xx_it.o
                0x000000000800111e                EXTI15_10_IRQHandler
 *fill*         0x0000000008001136        0x2 
 .text.SystemInit
                0x0000000008001138       0x24 ./Core/Src/system_stm32f4xx.o
                0x0000000008001138                SystemInit
 .text.Reset_Handler
                0x000000000800115c       0x50 ./Core/Startup/startup_stm32f446retx.o
                0x000000000800115c                Reset_Handler
 .text.Default_Handler
                0x00000000080011ac        0x2 ./Core/Startup/startup_stm32f446retx.o
                0x00000000080011ac                RTC_Alarm_IRQHandler
                0x00000000080011ac                EXTI2_IRQHandler
                0x00000000080011ac                TIM8_CC_IRQHandler
                0x00000000080011ac                FMPI2C1_EV_IRQHandler
                0x00000000080011ac                SPI4_IRQHandler
                0x00000000080011ac                TIM1_CC_IRQHandler
                0x00000000080011ac                DMA2_Stream5_IRQHandler
                0x00000000080011ac                DMA1_Stream5_IRQHandler
                0x00000000080011ac                PVD_IRQHandler
                0x00000000080011ac                SDIO_IRQHandler
                0x00000000080011ac                TAMP_STAMP_IRQHandler
                0x00000000080011ac                CAN2_RX1_IRQHandler
                0x00000000080011ac                EXTI3_IRQHandler
                0x00000000080011ac                TIM8_TRG_COM_TIM14_IRQHandler
                0x00000000080011ac                TIM1_UP_TIM10_IRQHandler
                0x00000000080011ac                TIM8_UP_TIM13_IRQHandler
                0x00000000080011ac                I2C3_ER_IRQHandler
                0x00000000080011ac                EXTI0_IRQHandler
                0x00000000080011ac                I2C2_EV_IRQHandler
                0x00000000080011ac                DMA1_Stream2_IRQHandler
                0x00000000080011ac                CAN1_RX0_IRQHandler
                0x00000000080011ac                FPU_IRQHandler
                0x00000000080011ac                OTG_HS_WKUP_IRQHandler
                0x00000000080011ac                CAN2_SCE_IRQHandler
                0x00000000080011ac                DMA2_Stream2_IRQHandler
                0x00000000080011ac                SPI1_IRQHandler
                0x00000000080011ac                TIM6_DAC_IRQHandler
                0x00000000080011ac                TIM1_BRK_TIM9_IRQHandler
                0x00000000080011ac                DCMI_IRQHandler
                0x00000000080011ac                CAN2_RX0_IRQHandler
                0x00000000080011ac                DMA2_Stream3_IRQHandler
                0x00000000080011ac                SAI2_IRQHandler
                0x00000000080011ac                USART6_IRQHandler
                0x00000000080011ac                USART3_IRQHandler
                0x00000000080011ac                CAN1_RX1_IRQHandler
                0x00000000080011ac                UART5_IRQHandler
                0x00000000080011ac                DMA2_Stream0_IRQHandler
                0x00000000080011ac                TIM4_IRQHandler
                0x00000000080011ac                QUADSPI_IRQHandler
                0x00000000080011ac                I2C1_EV_IRQHandler
                0x00000000080011ac                DMA1_Stream6_IRQHandler
                0x00000000080011ac                DMA1_Stream1_IRQHandler
                0x00000000080011ac                UART4_IRQHandler
                0x00000000080011ac                TIM3_IRQHandler
                0x00000000080011ac                RCC_IRQHandler
                0x00000000080011ac                TIM8_BRK_TIM12_IRQHandler
                0x00000000080011ac                Default_Handler
                0x00000000080011ac                CEC_IRQHandler
                0x00000000080011ac                ADC_IRQHandler
                0x00000000080011ac                DMA1_Stream7_IRQHandler
                0x00000000080011ac                TIM7_IRQHandler
                0x00000000080011ac                CAN2_TX_IRQHandler
                0x00000000080011ac                TIM5_IRQHandler
                0x00000000080011ac                DMA2_Stream7_IRQHandler
                0x00000000080011ac                I2C3_EV_IRQHandler
                0x00000000080011ac                EXTI9_5_IRQHandler
                0x00000000080011ac                RTC_WKUP_IRQHandler
                0x00000000080011ac                SPDIF_RX_IRQHandler
                0x00000000080011ac                SPI2_IRQHandler
                0x00000000080011ac                OTG_HS_EP1_IN_IRQHandler
                0x00000000080011ac                DMA1_Stream0_IRQHandler
                0x00000000080011ac                CAN1_TX_IRQHandler
                0x00000000080011ac                FMPI2C1_ER_IRQHandler
                0x00000000080011ac                EXTI4_IRQHandler
                0x00000000080011ac                OTG_HS_EP1_OUT_IRQHandler
                0x00000000080011ac                WWDG_IRQHandler
                0x00000000080011ac                TIM2_IRQHandler
                0x00000000080011ac                OTG_FS_WKUP_IRQHandler
                0x00000000080011ac                TIM1_TRG_COM_TIM11_IRQHandler
                0x00000000080011ac                OTG_HS_IRQHandler
                0x00000000080011ac                USART2_IRQHandler
                0x00000000080011ac                I2C2_ER_IRQHandler
                0x00000000080011ac                DMA2_Stream1_IRQHandler
                0x00000000080011ac                CAN1_SCE_IRQHandler
                0x00000000080011ac                FLASH_IRQHandler
                0x00000000080011ac                DMA2_Stream4_IRQHandler
                0x00000000080011ac                USART1_IRQHandler
                0x00000000080011ac                OTG_FS_IRQHandler
                0x00000000080011ac                SPI3_IRQHandler
                0x00000000080011ac                DMA1_Stream4_IRQHandler
                0x00000000080011ac                I2C1_ER_IRQHandler
                0x00000000080011ac                FMC_IRQHandler
                0x00000000080011ac                DMA2_Stream6_IRQHandler
                0x00000000080011ac                SAI1_IRQHandler
                0x00000000080011ac                DMA1_Stream3_IRQHandler
 *fill*         0x00000000080011ae        0x2 
 .text.HAL_Init
                0x00000000080011b0       0x44 ./Drivers/STM32F4xx_HAL_Driver/Src/stm32f4xx_hal.o
                0x00000000080011b0                HAL_Init
 .text.HAL_InitTick
                0x00000000080011f4       0x60 ./Drivers/STM32F4xx_HAL_Driver/Src/stm32f4xx_hal.o
                0x00000000080011f4                HAL_InitTick
 .text.HAL_IncTick
                0x0000000008001254       0x28 ./Drivers/STM32F4xx_HAL_Driver/Src/stm32f4xx_hal.o
                0x0000000008001254                HAL_IncTick
 .text.HAL_GetTick
                0x000000000800127c       0x18 ./Drivers/STM32F4xx_HAL_Driver/Src/stm32f4xx_hal.o
                0x000000000800127c                HAL_GetTick
 .text.HAL_Delay
                0x0000000008001294       0x48 ./Drivers/STM32F4xx_HAL_Driver/Src/stm32f4xx_hal.o
                0x0000000008001294                HAL_Delay
 .text.__NVIC_SetPriorityGrouping
                0x00000000080012dc       0x48 ./Drivers/STM32F4xx_HAL_Driver/Src/stm32f4xx_hal_cortex.o
 .text.__NVIC_GetPriorityGrouping
                0x0000000008001324       0x1c ./Drivers/STM32F4xx_HAL_Driver/Src/stm32f4xx_hal_cortex.o
 .text.__NVIC_EnableIRQ
                0x0000000008001340       0x3c ./Drivers/STM32F4xx_HAL_Driver/Src/stm32f4xx_hal_cortex.o
 .text.__NVIC_SetPriority
                0x000000000800137c       0x54 ./Drivers/STM32F4xx_HAL_Driver/Src/stm32f4xx_hal_cortex.o
 .text.NVIC_EncodePriority
                0x00000000080013d0       0x66 ./Drivers/STM32F4xx_HAL_Driver/Src/stm32f4xx_hal_cortex.o
 *fill*         0x0000000008001436        0x2 
 .text.SysTick_Config
                0x0000000008001438       0x44 ./Drivers/STM32F4xx_HAL_Driver/Src/stm32f4xx_hal_cortex.o
 .text.HAL_NVIC_SetPriorityGrouping
                0x000000000800147c       0x16 ./Drivers/STM32F4xx_HAL_Driver/Src/stm32f4xx_hal_cortex.o
                0x000000000800147c                HAL_NVIC_SetPriorityGrouping
 .text.HAL_NVIC_SetPriority
                0x0000000008001492       0x38 ./Drivers/STM32F4xx_HAL_Driver/Src/stm32f4xx_hal_cortex.o
                0x0000000008001492                HAL_NVIC_SetPriority
 .text.HAL_NVIC_EnableIRQ
                0x00000000080014ca       0x1c ./Drivers/STM32F4xx_HAL_Driver/Src/stm32f4xx_hal_cortex.o
                0x00000000080014ca                HAL_NVIC_EnableIRQ
 .text.HAL_SYSTICK_Config
                0x00000000080014e6       0x18 ./Drivers/STM32F4xx_HAL_Driver/Src/stm32f4xx_hal_cortex.o
                0x00000000080014e6                HAL_SYSTICK_Config
 .text.HAL_DMA_Start_IT
                0x00000000080014fe       0xb0 ./Drivers/STM32F4xx_HAL_Driver/Src/stm32f4xx_hal_dma.o
                0x00000000080014fe                HAL_DMA_Start_IT
 .text.DMA_SetConfig
                0x00000000080015ae       0x5c ./Drivers/STM32F4xx_HAL_Driver/Src/stm32f4xx_hal_dma.o
 *fill*         0x000000000800160a        0x2 
 .text.HAL_GPIO_Init
                0x000000000800160c      0x328 ./Drivers/STM32F4xx_HAL_Driver/Src/stm32f4xx_hal_gpio.o
                0x000000000800160c                HAL_GPIO_Init
 .text.HAL_GPIO_WritePin
                0x0000000008001934       0x32 ./Drivers/STM32F4xx_HAL_Driver/Src/stm32f4xx_hal_gpio.o
                0x0000000008001934                HAL_GPIO_WritePin
 *fill*         0x0000000008001966        0x2 
 .text.HAL_GPIO_EXTI_IRQHandler
                0x0000000008001968       0x30 ./Drivers/STM32F4xx_HAL_Driver/Src/stm32f4xx_hal_gpio.o
                0x0000000008001968                HAL_GPIO_EXTI_IRQHandler
 .text.HAL_GPIO_EXTI_Callback
                0x0000000008001998       0x16 ./Drivers/STM32F4xx_HAL_Driver/Src/stm32f4xx_hal_gpio.o
                0x0000000008001998                HAL_GPIO_EXTI_Callback
 *fill*         0x00000000080019ae        0x2 
 .text.HAL_RCC_ClockConfig
                0x00000000080019b0      0x1cc ./Drivers/STM32F4xx_HAL_Driver/Src/stm32f4xx_hal_rcc.o
                0x00000000080019b0                HAL_RCC_ClockConfig
 .text.HAL_RCC_GetHCLKFreq
                0x0000000008001b7c       0x18 ./Drivers/STM32F4xx_HAL_Driver/Src/stm32f4xx_hal_rcc.o
                0x0000000008001b7c                HAL_RCC_GetHCLKFreq
 .text.HAL_RCC_GetPCLK1Freq
                0x0000000008001b94       0x28 ./Drivers/STM32F4xx_HAL_Driver/Src/stm32f4xx_hal_rcc.o
                0x0000000008001b94                HAL_RCC_GetPCLK1Freq
 .text.HAL_RCC_GetPCLK2Freq
                0x0000000008001bbc       0x28 ./Drivers/STM32F4xx_HAL_Driver/Src/stm32f4xx_hal_rcc.o
                0x0000000008001bbc                HAL_RCC_GetPCLK2Freq
 .text.HAL_RCC_GetSysClockFreq
                0x0000000008001be4      0x364 ./Drivers/STM32F4xx_HAL_Driver/Src/stm32f4xx_hal_rcc_ex.o
                0x0000000008001be4                HAL_RCC_GetSysClockFreq
 .text.HAL_RCC_OscConfig
                0x0000000008001f48      0x53c ./Drivers/STM32F4xx_HAL_Driver/Src/stm32f4xx_hal_rcc_ex.o
                0x0000000008001f48                HAL_RCC_OscConfig
 .text.HAL_SPI_Init
                0x0000000008002484      0x112 ./Drivers/STM32F4xx_HAL_Driver/Src/stm32f4xx_hal_spi.o
                0x0000000008002484                HAL_SPI_Init
 .text.HAL_SPI_Transmit
                0x0000000008002596      0x278 ./Drivers/STM32F4xx_HAL_Driver/Src/stm32f4xx_hal_spi.o
                0x0000000008002596                HAL_SPI_Transmit
 .text.HAL_SPI_Receive
                0x000000000800280e      0x222 ./Drivers/STM32F4xx_HAL_Driver/Src/stm32f4xx_hal_spi.o
                0x000000000800280e                HAL_SPI_Receive
 .text.HAL_SPI_TransmitReceive
                0x0000000008002a30      0x344 ./Drivers/STM32F4xx_HAL_Driver/Src/stm32f4xx_hal_spi.o
                0x0000000008002a30                HAL_SPI_TransmitReceive
 .text.HAL_SPI_Transmit_DMA
                0x0000000008002d74      0x16c ./Drivers/STM32F4xx_HAL_Driver/Src/stm32f4xx_hal_spi.o
                0x0000000008002d74                HAL_SPI_Transmit_DMA
 .text.HAL_SPI_TxCpltCallback
                0x0000000008002ee0       0x14 ./Drivers/STM32F4xx_HAL_Driver/Src/stm32f4xx_hal_spi.o
                0x0000000008002ee0                HAL_SPI_TxCpltCallback
 .text.HAL_SPI_TxHalfCpltCallback
                0x0000000008002ef4       0x14 ./Drivers/STM32F4xx_HAL_Driver/Src/stm32f4xx_hal_spi.o
                0x0000000008002ef4                HAL_SPI_TxHalfCpltCallback
 .text.HAL_SPI_ErrorCallback
                0x0000000008002f08       0x14 ./Drivers/STM32F4xx_HAL_Driver/Src/stm32f4xx_hal_spi.o
                0x0000000008002f08                HAL_SPI_ErrorCallback
 .text.SPI_DMATransmitCplt
                0x0000000008002f1c       0xa8 ./Drivers/STM32F4xx_HAL_Driver/Src/stm32f4xx_hal_spi.o
 .text.SPI_DMAHalfTransmitCplt
                0x0000000008002fc4       0x1c ./Drivers/STM32F4xx_HAL_Driver/Src/stm32f4xx_hal_spi.o
 .text.SPI_DMAError
                0x0000000008002fe0       0x40 ./Drivers/STM32F4xx_HAL_Driver/Src/stm32f4xx_hal_spi.o
 .text.SPI_WaitFlagStateUntilTimeout
                0x0000000008003020      0x110 ./Drivers/STM32F4xx_HAL_Driver/Src/stm32f4xx_hal_spi.o
 .text.SPI_EndRxTransaction
                0x0000000008003130       0xca ./Drivers/STM32F4xx_HAL_Driver/Src/stm32f4xx_hal_spi.o
 *fill*         0x00000000080031fa        0x2 
 .text.SPI_EndRxTxTransaction
                0x00000000080031fc       0x84 ./Drivers/STM32F4xx_HAL_Driver/Src/stm32f4xx_hal_spi.o
 .text.HAL_UART_Init
                0x0000000008003280       0x9a ./Drivers/STM32F4xx_HAL_Driver/Src/stm32f4xx_hal_uart.o
                0x0000000008003280                HAL_UART_Init
 .text.HAL_UART_Transmit
                0x000000000800331a      0x124 ./Drivers/STM32F4xx_HAL_Driver/Src/stm32f4xx_hal_uart.o
                0x000000000800331a                HAL_UART_Transmit
 .text.UART_WaitOnFlagUntilTimeout
                0x000000000800343e       0xdc ./Drivers/STM32F4xx_HAL_Driver/Src/stm32f4xx_hal_uart.o
 *fill*         0x000000000800351a        0x2 
 .text.UART_SetConfig
                0x000000000800351c      0x390 ./Drivers/STM32F4xx_HAL_Driver/Src/stm32f4xx_hal_uart.o
 .text.__libc_init_array
                0x00000000080038ac       0x48 c:/st/stm32cubeide_1.7.0/stm32cubeide/plugins/com.st.stm32cube.ide.mcu.externaltools.gnu-tools-for-stm32.9-2020-q2-update.win32_2.0.0.202105311346/tools/bin/../lib/gcc/arm-none-eabi/9.3.1/../../../../arm-none-eabi/lib/thumb/v7e-m+fp/hard\libc_nano.a(lib_a-init.o)
                0x00000000080038ac                __libc_init_array
 .text.memset   0x00000000080038f4       0x10 c:/st/stm32cubeide_1.7.0/stm32cubeide/plugins/com.st.stm32cube.ide.mcu.externaltools.gnu-tools-for-stm32.9-2020-q2-update.win32_2.0.0.202105311346/tools/bin/../lib/gcc/arm-none-eabi/9.3.1/../../../../arm-none-eabi/lib/thumb/v7e-m+fp/hard\libc_nano.a(lib_a-memset.o)
                0x00000000080038f4                memset
 *(.glue_7)
 .glue_7        0x0000000008003904        0x0 linker stubs
 *(.glue_7t)
 .glue_7t       0x0000000008003904        0x0 linker stubs
 *(.eh_frame)
 .eh_frame      0x0000000008003904        0x0 c:/st/stm32cubeide_1.7.0/stm32cubeide/plugins/com.st.stm32cube.ide.mcu.externaltools.gnu-tools-for-stm32.9-2020-q2-update.win32_2.0.0.202105311346/tools/bin/../lib/gcc/arm-none-eabi/9.3.1/thumb/v7e-m+fp/hard/crtbegin.o
 *(.init)
 .init          0x0000000008003904        0x4 c:/st/stm32cubeide_1.7.0/stm32cubeide/plugins/com.st.stm32cube.ide.mcu.externaltools.gnu-tools-for-stm32.9-2020-q2-update.win32_2.0.0.202105311346/tools/bin/../lib/gcc/arm-none-eabi/9.3.1/thumb/v7e-m+fp/hard/crti.o
                0x0000000008003904                _init
 .init          0x0000000008003908        0x8 c:/st/stm32cubeide_1.7.0/stm32cubeide/plugins/com.st.stm32cube.ide.mcu.externaltools.gnu-tools-for-stm32.9-2020-q2-update.win32_2.0.0.202105311346/tools/bin/../lib/gcc/arm-none-eabi/9.3.1/thumb/v7e-m+fp/hard/crtn.o
 *(.fini)
 .fini          0x0000000008003910        0x4 c:/st/stm32cubeide_1.7.0/stm32cubeide/plugins/com.st.stm32cube.ide.mcu.externaltools.gnu-tools-for-stm32.9-2020-q2-update.win32_2.0.0.202105311346/tools/bin/../lib/gcc/arm-none-eabi/9.3.1/thumb/v7e-m+fp/hard/crti.o
                0x0000000008003910                _fini
 .fini          0x0000000008003914        0x8 c:/st/stm32cubeide_1.7.0/stm32cubeide/plugins/com.st.stm32cube.ide.mcu.externaltools.gnu-tools-for-stm32.9-2020-q2-update.win32_2.0.0.202105311346/tools/bin/../lib/gcc/arm-none-eabi/9.3.1/thumb/v7e-m+fp/hard/crtn.o
                0x000000000800391c                . = ALIGN (0x4)
                0x000000000800391c                _etext = .

.vfp11_veneer   0x000000000800391c        0x0
 .vfp11_veneer  0x000000000800391c        0x0 linker stubs

.v4_bx          0x000000000800391c        0x0
 .v4_bx         0x000000000800391c        0x0 linker stubs

.iplt           0x000000000800391c        0x0
 .iplt          0x000000000800391c        0x0 c:/st/stm32cubeide_1.7.0/stm32cubeide/plugins/com.st.stm32cube.ide.mcu.externaltools.gnu-tools-for-stm32.9-2020-q2-update.win32_2.0.0.202105311346/tools/bin/../lib/gcc/arm-none-eabi/9.3.1/thumb/v7e-m+fp/hard/crtbegin.o

.rodata         0x000000000800391c       0x20
                0x000000000800391c                . = ALIGN (0x4)
 *(.rodata)
 .rodata        0x000000000800391c        0x5 ./Core/Src/main.o
 *(.rodata*)
 *fill*         0x0000000008003921        0x3 
 .rodata.AHBPrescTable
                0x0000000008003924       0x10 ./Core/Src/system_stm32f4xx.o
                0x0000000008003924                AHBPrescTable
 .rodata.APBPrescTable
                0x0000000008003934        0x8 ./Core/Src/system_stm32f4xx.o
                0x0000000008003934                APBPrescTable
                0x000000000800393c                . = ALIGN (0x4)

.ARM.extab      0x000000000800393c        0x0
                0x000000000800393c                . = ALIGN (0x4)
 *(.ARM.extab* .gnu.linkonce.armextab.*)
                0x000000000800393c                . = ALIGN (0x4)

.ARM            0x000000000800393c        0x8
                0x000000000800393c                . = ALIGN (0x4)
                0x000000000800393c                __exidx_start = .
 *(.ARM.exidx*)
 .ARM.exidx     0x000000000800393c        0x8 c:/st/stm32cubeide_1.7.0/stm32cubeide/plugins/com.st.stm32cube.ide.mcu.externaltools.gnu-tools-for-stm32.9-2020-q2-update.win32_2.0.0.202105311346/tools/bin/../lib/gcc/arm-none-eabi/9.3.1/thumb/v7e-m+fp/hard\libgcc.a(_udivmoddi4.o)
                0x0000000008003944                __exidx_end = .
                0x0000000008003944                . = ALIGN (0x4)

.rel.dyn        0x0000000008003944        0x0
 .rel.iplt      0x0000000008003944        0x0 c:/st/stm32cubeide_1.7.0/stm32cubeide/plugins/com.st.stm32cube.ide.mcu.externaltools.gnu-tools-for-stm32.9-2020-q2-update.win32_2.0.0.202105311346/tools/bin/../lib/gcc/arm-none-eabi/9.3.1/thumb/v7e-m+fp/hard/crtbegin.o

.preinit_array  0x0000000008003944        0x0
                0x0000000008003944                . = ALIGN (0x4)
                0x0000000008003944                PROVIDE (__preinit_array_start = .)
 *(.preinit_array*)
                0x0000000008003944                PROVIDE (__preinit_array_end = .)
                0x0000000008003944                . = ALIGN (0x4)

.init_array     0x0000000008003944        0x4
                0x0000000008003944                . = ALIGN (0x4)
                0x0000000008003944                PROVIDE (__init_array_start = .)
 *(SORT_BY_NAME(.init_array.*))
 *(.init_array*)
 .init_array    0x0000000008003944        0x4 c:/st/stm32cubeide_1.7.0/stm32cubeide/plugins/com.st.stm32cube.ide.mcu.externaltools.gnu-tools-for-stm32.9-2020-q2-update.win32_2.0.0.202105311346/tools/bin/../lib/gcc/arm-none-eabi/9.3.1/thumb/v7e-m+fp/hard/crtbegin.o
                0x0000000008003948                PROVIDE (__init_array_end = .)
                0x0000000008003948                . = ALIGN (0x4)

.fini_array     0x0000000008003948        0x4
                0x0000000008003948                . = ALIGN (0x4)
                [!provide]                        PROVIDE (__fini_array_start = .)
 *(SORT_BY_NAME(.fini_array.*))
 *(.fini_array*)
 .fini_array    0x0000000008003948        0x4 c:/st/stm32cubeide_1.7.0/stm32cubeide/plugins/com.st.stm32cube.ide.mcu.externaltools.gnu-tools-for-stm32.9-2020-q2-update.win32_2.0.0.202105311346/tools/bin/../lib/gcc/arm-none-eabi/9.3.1/thumb/v7e-m+fp/hard/crtbegin.o
                [!provide]                        PROVIDE (__fini_array_end = .)
                0x000000000800394c                . = ALIGN (0x4)
                0x000000000800394c                _sidata = LOADADDR (.data)

.data           0x0000000020000000       0x3c load address 0x000000000800394c
                0x0000000020000000                . = ALIGN (0x4)
                0x0000000020000000                _sdata = .
 *(.data)
 *(.data*)
 .data.failed   0x0000000020000000        0xf ./Core/Src/main.o
                0x0000000020000000                failed
 *fill*         0x000000002000000f        0x1 
 .data.success  0x0000000020000010       0x1f ./Core/Src/main.o
                0x0000000020000010                success
 *fill*         0x000000002000002f        0x1 
 .data.SystemCoreClock
                0x0000000020000030        0x4 ./Core/Src/system_stm32f4xx.o
                0x0000000020000030                SystemCoreClock
 .data.uwTickPrio
                0x0000000020000034        0x4 ./Drivers/STM32F4xx_HAL_Driver/Src/stm32f4xx_hal.o
                0x0000000020000034                uwTickPrio
 .data.uwTickFreq
                0x0000000020000038        0x1 ./Drivers/STM32F4xx_HAL_Driver/Src/stm32f4xx_hal.o
                0x0000000020000038                uwTickFreq
 *(.RamFunc)
 *(.RamFunc*)
                0x000000002000003c                . = ALIGN (0x4)
 *fill*         0x0000000020000039        0x3 
                0x000000002000003c                _edata = .

.igot.plt       0x000000002000003c        0x0 load address 0x0000000008003988
 .igot.plt      0x000000002000003c        0x0 c:/st/stm32cubeide_1.7.0/stm32cubeide/plugins/com.st.stm32cube.ide.mcu.externaltools.gnu-tools-for-stm32.9-2020-q2-update.win32_2.0.0.202105311346/tools/bin/../lib/gcc/arm-none-eabi/9.3.1/thumb/v7e-m+fp/hard/crtbegin.o
                0x000000002000003c                . = ALIGN (0x4)

.bss            0x000000002000003c       0xbc load address 0x0000000008003988
                0x000000002000003c                _sbss = .
                0x000000002000003c                __bss_start__ = _sbss
 *(.bss)
 .bss           0x000000002000003c       0x1c c:/st/stm32cubeide_1.7.0/stm32cubeide/plugins/com.st.stm32cube.ide.mcu.externaltools.gnu-tools-for-stm32.9-2020-q2-update.win32_2.0.0.202105311346/tools/bin/../lib/gcc/arm-none-eabi/9.3.1/thumb/v7e-m+fp/hard/crtbegin.o
 *(.bss*)
 *(COMMON)
 COMMON         0x0000000020000058       0x9c ./Core/Src/main.o
                0x0000000020000058                hspi1
                0x00000000200000b0                huart2
 COMMON         0x00000000200000f4        0x4 ./Drivers/STM32F4xx_HAL_Driver/Src/stm32f4xx_hal.o
                0x00000000200000f4                uwTick
                0x00000000200000f8                . = ALIGN (0x4)
                0x00000000200000f8                _ebss = .
                0x00000000200000f8                __bss_end__ = _ebss

._user_heap_stack
                0x00000000200000f8      0x600 load address 0x0000000008003988
                0x00000000200000f8                . = ALIGN (0x8)
                [!provide]                        PROVIDE (end = .)
                0x00000000200000f8                PROVIDE (_end = .)
                0x00000000200002f8                . = (. + _Min_Heap_Size)
 *fill*         0x00000000200000f8      0x200 
                0x00000000200006f8                . = (. + _Min_Stack_Size)
 *fill*         0x00000000200002f8      0x400 
                0x00000000200006f8                . = ALIGN (0x8)

/DISCARD/
 libc.a(*)
 libm.a(*)
 libgcc.a(*)

.ARM.attributes
                0x0000000000000000       0x30
 *(.ARM.attributes)
 .ARM.attributes
                0x0000000000000000       0x1e c:/st/stm32cubeide_1.7.0/stm32cubeide/plugins/com.st.stm32cube.ide.mcu.externaltools.gnu-tools-for-stm32.9-2020-q2-update.win32_2.0.0.202105311346/tools/bin/../lib/gcc/arm-none-eabi/9.3.1/thumb/v7e-m+fp/hard/crti.o
 .ARM.attributes
                0x000000000000001e       0x34 c:/st/stm32cubeide_1.7.0/stm32cubeide/plugins/com.st.stm32cube.ide.mcu.externaltools.gnu-tools-for-stm32.9-2020-q2-update.win32_2.0.0.202105311346/tools/bin/../lib/gcc/arm-none-eabi/9.3.1/thumb/v7e-m+fp/hard/crtbegin.o
 .ARM.attributes
                0x0000000000000052       0x34 ./Core/Src/lora_sx1276.o
 .ARM.attributes
                0x0000000000000086       0x34 ./Core/Src/main.o
 .ARM.attributes
                0x00000000000000ba       0x34 ./Core/Src/stm32f4xx_hal_msp.o
 .ARM.attributes
                0x00000000000000ee       0x34 ./Core/Src/stm32f4xx_it.o
 .ARM.attributes
                0x0000000000000122       0x34 ./Core/Src/system_stm32f4xx.o
 .ARM.attributes
                0x0000000000000156       0x21 ./Core/Startup/startup_stm32f446retx.o
 .ARM.attributes
                0x0000000000000177       0x34 ./Drivers/STM32F4xx_HAL_Driver/Src/stm32f4xx_hal.o
 .ARM.attributes
                0x00000000000001ab       0x34 ./Drivers/STM32F4xx_HAL_Driver/Src/stm32f4xx_hal_cortex.o
 .ARM.attributes
                0x00000000000001df       0x34 ./Drivers/STM32F4xx_HAL_Driver/Src/stm32f4xx_hal_dma.o
 .ARM.attributes
                0x0000000000000213       0x34 ./Drivers/STM32F4xx_HAL_Driver/Src/stm32f4xx_hal_gpio.o
 .ARM.attributes
                0x0000000000000247       0x34 ./Drivers/STM32F4xx_HAL_Driver/Src/stm32f4xx_hal_rcc.o
 .ARM.attributes
                0x000000000000027b       0x34 ./Drivers/STM32F4xx_HAL_Driver/Src/stm32f4xx_hal_rcc_ex.o
 .ARM.attributes
                0x00000000000002af       0x34 ./Drivers/STM32F4xx_HAL_Driver/Src/stm32f4xx_hal_spi.o
 .ARM.attributes
                0x00000000000002e3       0x34 ./Drivers/STM32F4xx_HAL_Driver/Src/stm32f4xx_hal_uart.o
 .ARM.attributes
                0x0000000000000317       0x34 c:/st/stm32cubeide_1.7.0/stm32cubeide/plugins/com.st.stm32cube.ide.mcu.externaltools.gnu-tools-for-stm32.9-2020-q2-update.win32_2.0.0.202105311346/tools/bin/../lib/gcc/arm-none-eabi/9.3.1/../../../../arm-none-eabi/lib/thumb/v7e-m+fp/hard\libc_nano.a(lib_a-init.o)
 .ARM.attributes
                0x000000000000034b       0x34 c:/st/stm32cubeide_1.7.0/stm32cubeide/plugins/com.st.stm32cube.ide.mcu.externaltools.gnu-tools-for-stm32.9-2020-q2-update.win32_2.0.0.202105311346/tools/bin/../lib/gcc/arm-none-eabi/9.3.1/../../../../arm-none-eabi/lib/thumb/v7e-m+fp/hard\libc_nano.a(lib_a-memset.o)
 .ARM.attributes
                0x000000000000037f       0x1e c:/st/stm32cubeide_1.7.0/stm32cubeide/plugins/com.st.stm32cube.ide.mcu.externaltools.gnu-tools-for-stm32.9-2020-q2-update.win32_2.0.0.202105311346/tools/bin/../lib/gcc/arm-none-eabi/9.3.1/thumb/v7e-m+fp/hard\libgcc.a(_aeabi_uldivmod.o)
 .ARM.attributes
                0x000000000000039d       0x34 c:/st/stm32cubeide_1.7.0/stm32cubeide/plugins/com.st.stm32cube.ide.mcu.externaltools.gnu-tools-for-stm32.9-2020-q2-update.win32_2.0.0.202105311346/tools/bin/../lib/gcc/arm-none-eabi/9.3.1/thumb/v7e-m+fp/hard\libgcc.a(_udivmoddi4.o)
 .ARM.attributes
                0x00000000000003d1       0x1e c:/st/stm32cubeide_1.7.0/stm32cubeide/plugins/com.st.stm32cube.ide.mcu.externaltools.gnu-tools-for-stm32.9-2020-q2-update.win32_2.0.0.202105311346/tools/bin/../lib/gcc/arm-none-eabi/9.3.1/thumb/v7e-m+fp/hard\libgcc.a(_dvmd_tls.o)
 .ARM.attributes
                0x00000000000003ef       0x1e c:/st/stm32cubeide_1.7.0/stm32cubeide/plugins/com.st.stm32cube.ide.mcu.externaltools.gnu-tools-for-stm32.9-2020-q2-update.win32_2.0.0.202105311346/tools/bin/../lib/gcc/arm-none-eabi/9.3.1/thumb/v7e-m+fp/hard/crtn.o
OUTPUT(helloWorldf446RE.elf elf32-littlearm)
LOAD linker stubs
LOAD c:/st/stm32cubeide_1.7.0/stm32cubeide/plugins/com.st.stm32cube.ide.mcu.externaltools.gnu-tools-for-stm32.9-2020-q2-update.win32_2.0.0.202105311346/tools/bin/../lib/gcc/arm-none-eabi/9.3.1/../../../../arm-none-eabi/lib/thumb/v7e-m+fp/hard\libc.a
LOAD c:/st/stm32cubeide_1.7.0/stm32cubeide/plugins/com.st.stm32cube.ide.mcu.externaltools.gnu-tools-for-stm32.9-2020-q2-update.win32_2.0.0.202105311346/tools/bin/../lib/gcc/arm-none-eabi/9.3.1/../../../../arm-none-eabi/lib/thumb/v7e-m+fp/hard\libm.a
LOAD c:/st/stm32cubeide_1.7.0/stm32cubeide/plugins/com.st.stm32cube.ide.mcu.externaltools.gnu-tools-for-stm32.9-2020-q2-update.win32_2.0.0.202105311346/tools/bin/../lib/gcc/arm-none-eabi/9.3.1/thumb/v7e-m+fp/hard\libgcc.a

.debug_info     0x0000000000000000     0xc66d
 .debug_info    0x0000000000000000     0x14b7 ./Core/Src/lora_sx1276.o
 .debug_info    0x00000000000014b7     0x128f ./Core/Src/main.o
 .debug_info    0x0000000000002746      0xd4c ./Core/Src/stm32f4xx_hal_msp.o
 .debug_info    0x0000000000003492      0x25e ./Core/Src/stm32f4xx_it.o
 .debug_info    0x00000000000036f0      0x5dc ./Core/Src/system_stm32f4xx.o
 .debug_info    0x0000000000003ccc       0x22 ./Core/Startup/startup_stm32f446retx.o
 .debug_info    0x0000000000003cee      0xa08 ./Drivers/STM32F4xx_HAL_Driver/Src/stm32f4xx_hal.o
 .debug_info    0x00000000000046f6      0xef5 ./Drivers/STM32F4xx_HAL_Driver/Src/stm32f4xx_hal_cortex.o
 .debug_info    0x00000000000055eb      0x9f1 ./Drivers/STM32F4xx_HAL_Driver/Src/stm32f4xx_hal_dma.o
 .debug_info    0x0000000000005fdc      0x892 ./Drivers/STM32F4xx_HAL_Driver/Src/stm32f4xx_hal_gpio.o
 .debug_info    0x000000000000686e      0x9db ./Drivers/STM32F4xx_HAL_Driver/Src/stm32f4xx_hal_rcc.o
 .debug_info    0x0000000000007249      0xa86 ./Drivers/STM32F4xx_HAL_Driver/Src/stm32f4xx_hal_rcc_ex.o
 .debug_info    0x0000000000007ccf     0x17c0 ./Drivers/STM32F4xx_HAL_Driver/Src/stm32f4xx_hal_spi.o
 .debug_info    0x000000000000948f     0x31de ./Drivers/STM32F4xx_HAL_Driver/Src/stm32f4xx_hal_uart.o

.debug_abbrev   0x0000000000000000     0x1bcb
 .debug_abbrev  0x0000000000000000      0x286 ./Core/Src/lora_sx1276.o
 .debug_abbrev  0x0000000000000286      0x24d ./Core/Src/main.o
 .debug_abbrev  0x00000000000004d3      0x1ac ./Core/Src/stm32f4xx_hal_msp.o
 .debug_abbrev  0x000000000000067f       0xd2 ./Core/Src/stm32f4xx_it.o
 .debug_abbrev  0x0000000000000751      0x145 ./Core/Src/system_stm32f4xx.o
 .debug_abbrev  0x0000000000000896       0x12 ./Core/Startup/startup_stm32f446retx.o
 .debug_abbrev  0x00000000000008a8      0x1ed ./Drivers/STM32F4xx_HAL_Driver/Src/stm32f4xx_hal.o
 .debug_abbrev  0x0000000000000a95      0x33c ./Drivers/STM32F4xx_HAL_Driver/Src/stm32f4xx_hal_cortex.o
 .debug_abbrev  0x0000000000000dd1      0x259 ./Drivers/STM32F4xx_HAL_Driver/Src/stm32f4xx_hal_dma.o
 .debug_abbrev  0x000000000000102a      0x1f1 ./Drivers/STM32F4xx_HAL_Driver/Src/stm32f4xx_hal_gpio.o
 .debug_abbrev  0x000000000000121b      0x275 ./Drivers/STM32F4xx_HAL_Driver/Src/stm32f4xx_hal_rcc.o
 .debug_abbrev  0x0000000000001490      0x1e2 ./Drivers/STM32F4xx_HAL_Driver/Src/stm32f4xx_hal_rcc_ex.o
 .debug_abbrev  0x0000000000001672      0x26e ./Drivers/STM32F4xx_HAL_Driver/Src/stm32f4xx_hal_spi.o
 .debug_abbrev  0x00000000000018e0      0x2eb ./Drivers/STM32F4xx_HAL_Driver/Src/stm32f4xx_hal_uart.o

.debug_aranges  0x0000000000000000      0xa70
 .debug_aranges
                0x0000000000000000      0x168 ./Core/Src/lora_sx1276.o
 .debug_aranges
                0x0000000000000168       0x48 ./Core/Src/main.o
 .debug_aranges
                0x00000000000001b0       0x40 ./Core/Src/stm32f4xx_hal_msp.o
 .debug_aranges
                0x00000000000001f0       0x70 ./Core/Src/stm32f4xx_it.o
 .debug_aranges
                0x0000000000000260       0x28 ./Core/Src/system_stm32f4xx.o
 .debug_aranges
                0x0000000000000288       0x28 ./Core/Startup/startup_stm32f446retx.o
 .debug_aranges
                0x00000000000002b0       0xf0 ./Drivers/STM32F4xx_HAL_Driver/Src/stm32f4xx_hal.o
 .debug_aranges
                0x00000000000003a0      0x118 ./Drivers/STM32F4xx_HAL_Driver/Src/stm32f4xx_hal_cortex.o
 .debug_aranges
                0x00000000000004b8       0x90 ./Drivers/STM32F4xx_HAL_Driver/Src/stm32f4xx_hal_dma.o
 .debug_aranges
                0x0000000000000548       0x58 ./Drivers/STM32F4xx_HAL_Driver/Src/stm32f4xx_hal_gpio.o
 .debug_aranges
                0x00000000000005a0       0x88 ./Drivers/STM32F4xx_HAL_Driver/Src/stm32f4xx_hal_rcc.o
 .debug_aranges
                0x0000000000000628       0x78 ./Drivers/STM32F4xx_HAL_Driver/Src/stm32f4xx_hal_rcc_ex.o
 .debug_aranges
                0x00000000000006a0      0x1d0 ./Drivers/STM32F4xx_HAL_Driver/Src/stm32f4xx_hal_spi.o
 .debug_aranges
                0x0000000000000870      0x200 ./Drivers/STM32F4xx_HAL_Driver/Src/stm32f4xx_hal_uart.o

.debug_ranges   0x0000000000000000      0x9c8
 .debug_ranges  0x0000000000000000      0x158 ./Core/Src/lora_sx1276.o
 .debug_ranges  0x0000000000000158       0x38 ./Core/Src/main.o
 .debug_ranges  0x0000000000000190       0x30 ./Core/Src/stm32f4xx_hal_msp.o
 .debug_ranges  0x00000000000001c0       0x60 ./Core/Src/stm32f4xx_it.o
 .debug_ranges  0x0000000000000220       0x18 ./Core/Src/system_stm32f4xx.o
 .debug_ranges  0x0000000000000238       0x20 ./Core/Startup/startup_stm32f446retx.o
 .debug_ranges  0x0000000000000258       0xe0 ./Drivers/STM32F4xx_HAL_Driver/Src/stm32f4xx_hal.o
 .debug_ranges  0x0000000000000338      0x108 ./Drivers/STM32F4xx_HAL_Driver/Src/stm32f4xx_hal_cortex.o
 .debug_ranges  0x0000000000000440       0x80 ./Drivers/STM32F4xx_HAL_Driver/Src/stm32f4xx_hal_dma.o
 .debug_ranges  0x00000000000004c0       0x48 ./Drivers/STM32F4xx_HAL_Driver/Src/stm32f4xx_hal_gpio.o
 .debug_ranges  0x0000000000000508       0x78 ./Drivers/STM32F4xx_HAL_Driver/Src/stm32f4xx_hal_rcc.o
 .debug_ranges  0x0000000000000580       0x68 ./Drivers/STM32F4xx_HAL_Driver/Src/stm32f4xx_hal_rcc_ex.o
 .debug_ranges  0x00000000000005e8      0x1c0 ./Drivers/STM32F4xx_HAL_Driver/Src/stm32f4xx_hal_spi.o
 .debug_ranges  0x00000000000007a8      0x220 ./Drivers/STM32F4xx_HAL_Driver/Src/stm32f4xx_hal_uart.o

.debug_macro    0x0000000000000000    0x20b52
 .debug_macro   0x0000000000000000      0x326 ./Core/Src/lora_sx1276.o
 .debug_macro   0x0000000000000326      0xaa8 ./Core/Src/lora_sx1276.o
 .debug_macro   0x0000000000000dce      0x29b ./Core/Src/lora_sx1276.o
 .debug_macro   0x0000000000001069       0x2e ./Core/Src/lora_sx1276.o
 .debug_macro   0x0000000000001097       0x28 ./Core/Src/lora_sx1276.o
 .debug_macro   0x00000000000010bf       0x22 ./Core/Src/lora_sx1276.o
 .debug_macro   0x00000000000010e1       0x8e ./Core/Src/lora_sx1276.o
 .debug_macro   0x000000000000116f       0x51 ./Core/Src/lora_sx1276.o
 .debug_macro   0x00000000000011c0      0x103 ./Core/Src/lora_sx1276.o
 .debug_macro   0x00000000000012c3       0x6a ./Core/Src/lora_sx1276.o
 .debug_macro   0x000000000000132d      0x1df ./Core/Src/lora_sx1276.o
 .debug_macro   0x000000000000150c       0x1c ./Core/Src/lora_sx1276.o
 .debug_macro   0x0000000000001528       0x22 ./Core/Src/lora_sx1276.o
 .debug_macro   0x000000000000154a       0xdf ./Core/Src/lora_sx1276.o
 .debug_macro   0x0000000000001629     0x102d ./Core/Src/lora_sx1276.o
 .debug_macro   0x0000000000002656      0x11f ./Core/Src/lora_sx1276.o
 .debug_macro   0x0000000000002775    0x16749 ./Core/Src/lora_sx1276.o
 .debug_macro   0x0000000000018ebe       0x6d ./Core/Src/lora_sx1276.o
 .debug_macro   0x0000000000018f2b     0x3666 ./Core/Src/lora_sx1276.o
 .debug_macro   0x000000000001c591      0x174 ./Core/Src/lora_sx1276.o
 .debug_macro   0x000000000001c705       0x5c ./Core/Src/lora_sx1276.o
 .debug_macro   0x000000000001c761      0xc90 ./Core/Src/lora_sx1276.o
 .debug_macro   0x000000000001d3f1      0x9fe ./Core/Src/lora_sx1276.o
 .debug_macro   0x000000000001ddef      0x116 ./Core/Src/lora_sx1276.o
 .debug_macro   0x000000000001df05      0x1a0 ./Core/Src/lora_sx1276.o
 .debug_macro   0x000000000001e0a5       0xa5 ./Core/Src/lora_sx1276.o
 .debug_macro   0x000000000001e14a      0x16d ./Core/Src/lora_sx1276.o
 .debug_macro   0x000000000001e2b7      0x287 ./Core/Src/lora_sx1276.o
 .debug_macro   0x000000000001e53e       0x5f ./Core/Src/lora_sx1276.o
 .debug_macro   0x000000000001e59d      0x236 ./Core/Src/lora_sx1276.o
 .debug_macro   0x000000000001e7d3      0x132 ./Core/Src/lora_sx1276.o
 .debug_macro   0x000000000001e905      0x29c ./Core/Src/lora_sx1276.o
 .debug_macro   0x000000000001eba1       0x2e ./Core/Src/lora_sx1276.o
 .debug_macro   0x000000000001ebcf      0x11a ./Core/Src/lora_sx1276.o
 .debug_macro   0x000000000001ece9       0xe8 ./Core/Src/lora_sx1276.o
 .debug_macro   0x000000000001edd1       0x89 ./Core/Src/lora_sx1276.o
 .debug_macro   0x000000000001ee5a      0x225 ./Core/Src/lora_sx1276.o
 .debug_macro   0x000000000001f07f      0x295 ./Core/Src/lora_sx1276.o
 .debug_macro   0x000000000001f314      0x126 ./Core/Src/lora_sx1276.o
 .debug_macro   0x000000000001f43a       0x6a ./Core/Src/lora_sx1276.o
 .debug_macro   0x000000000001f4a4       0x94 ./Core/Src/lora_sx1276.o
 .debug_macro   0x000000000001f538      0x1e6 ./Core/Src/main.o
 .debug_macro   0x000000000001f71e      0x1d3 ./Core/Src/stm32f4xx_hal_msp.o
 .debug_macro   0x000000000001f8f1      0x1dd ./Core/Src/stm32f4xx_it.o
 .debug_macro   0x000000000001face      0x1c4 ./Core/Src/system_stm32f4xx.o
 .debug_macro   0x000000000001fc92      0x224 ./Drivers/STM32F4xx_HAL_Driver/Src/stm32f4xx_hal.o
 .debug_macro   0x000000000001feb6      0x1c4 ./Drivers/STM32F4xx_HAL_Driver/Src/stm32f4xx_hal_cortex.o
 .debug_macro   0x000000000002007a      0x1ca ./Drivers/STM32F4xx_HAL_Driver/Src/stm32f4xx_hal_dma.o
 .debug_macro   0x0000000000020244      0x1ca ./Drivers/STM32F4xx_HAL_Driver/Src/stm32f4xx_hal_gpio.o
 .debug_macro   0x000000000002040e      0x1e8 ./Drivers/STM32F4xx_HAL_Driver/Src/stm32f4xx_hal_rcc.o
 .debug_macro   0x00000000000205f6      0x1c4 ./Drivers/STM32F4xx_HAL_Driver/Src/stm32f4xx_hal_rcc_ex.o
 .debug_macro   0x00000000000207ba      0x1d3 ./Drivers/STM32F4xx_HAL_Driver/Src/stm32f4xx_hal_spi.o
 .debug_macro   0x000000000002098d      0x1c5 ./Drivers/STM32F4xx_HAL_Driver/Src/stm32f4xx_hal_uart.o

.debug_line     0x0000000000000000     0xc26f
 .debug_line    0x0000000000000000      0xcf2 ./Core/Src/lora_sx1276.o
 .debug_line    0x0000000000000cf2      0x826 ./Core/Src/main.o
 .debug_line    0x0000000000001518      0x746 ./Core/Src/stm32f4xx_hal_msp.o
 .debug_line    0x0000000000001c5e      0x7a0 ./Core/Src/stm32f4xx_it.o
 .debug_line    0x00000000000023fe      0x72e ./Core/Src/system_stm32f4xx.o
 .debug_line    0x0000000000002b2c       0x88 ./Core/Startup/startup_stm32f446retx.o
 .debug_line    0x0000000000002bb4      0x994 ./Drivers/STM32F4xx_HAL_Driver/Src/stm32f4xx_hal.o
 .debug_line    0x0000000000003548      0xc43 ./Drivers/STM32F4xx_HAL_Driver/Src/stm32f4xx_hal_cortex.o
 .debug_line    0x000000000000418b      0xef9 ./Drivers/STM32F4xx_HAL_Driver/Src/stm32f4xx_hal_dma.o
 .debug_line    0x0000000000005084      0xaf6 ./Drivers/STM32F4xx_HAL_Driver/Src/stm32f4xx_hal_gpio.o
 .debug_line    0x0000000000005b7a      0xd1c ./Drivers/STM32F4xx_HAL_Driver/Src/stm32f4xx_hal_rcc.o
 .debug_line    0x0000000000006896     0x13a2 ./Drivers/STM32F4xx_HAL_Driver/Src/stm32f4xx_hal_rcc_ex.o
 .debug_line    0x0000000000007c38     0x1c1c ./Drivers/STM32F4xx_HAL_Driver/Src/stm32f4xx_hal_spi.o
 .debug_line    0x0000000000009854     0x2a1b ./Drivers/STM32F4xx_HAL_Driver/Src/stm32f4xx_hal_uart.o

.debug_str      0x0000000000000000    0xc6ee6
 .debug_str     0x0000000000000000    0xc44cb ./Core/Src/lora_sx1276.o
                                      0xc4803 (size before relaxing)
 .debug_str     0x00000000000c44cb      0x968 ./Core/Src/main.o
                                      0xc477f (size before relaxing)
 .debug_str     0x00000000000c4e33       0x7d ./Core/Src/stm32f4xx_hal_msp.o
                                      0xc3e3f (size before relaxing)
 .debug_str     0x00000000000c4eb0       0xe3 ./Core/Src/stm32f4xx_it.o
                                      0xc376a (size before relaxing)
 .debug_str     0x00000000000c4f93       0xaf ./Core/Src/system_stm32f4xx.o
                                      0xc36cb (size before relaxing)
 .debug_str     0x00000000000c5042       0x36 ./Core/Startup/startup_stm32f446retx.o
                                         0x79 (size before relaxing)
 .debug_str     0x00000000000c5078      0x583 ./Drivers/STM32F4xx_HAL_Driver/Src/stm32f4xx_hal.o
                                      0xc41ee (size before relaxing)
 .debug_str     0x00000000000c55fb      0x399 ./Drivers/STM32F4xx_HAL_Driver/Src/stm32f4xx_hal_cortex.o
                                      0xc3fb8 (size before relaxing)
 .debug_str     0x00000000000c5994      0x31a ./Drivers/STM32F4xx_HAL_Driver/Src/stm32f4xx_hal_dma.o
                                      0xc3ad0 (size before relaxing)
 .debug_str     0x00000000000c5cae      0x15f ./Drivers/STM32F4xx_HAL_Driver/Src/stm32f4xx_hal_gpio.o
                                      0xc3872 (size before relaxing)
 .debug_str     0x00000000000c5e0d      0x24e ./Drivers/STM32F4xx_HAL_Driver/Src/stm32f4xx_hal_rcc.o
                                      0xc3ad2 (size before relaxing)
 .debug_str     0x00000000000c605b      0x31a ./Drivers/STM32F4xx_HAL_Driver/Src/stm32f4xx_hal_rcc_ex.o
                                      0xc3b2f (size before relaxing)
 .debug_str     0x00000000000c6375      0x574 ./Drivers/STM32F4xx_HAL_Driver/Src/stm32f4xx_hal_spi.o
                                      0xc3f4a (size before relaxing)
 .debug_str     0x00000000000c68e9      0x5fd ./Drivers/STM32F4xx_HAL_Driver/Src/stm32f4xx_hal_uart.o
                                      0xc402e (size before relaxing)

.comment        0x0000000000000000       0x53
 .comment       0x0000000000000000       0x53 ./Core/Src/lora_sx1276.o
                                         0x54 (size before relaxing)
 .comment       0x0000000000000053       0x54 ./Core/Src/main.o
 .comment       0x0000000000000053       0x54 ./Core/Src/stm32f4xx_hal_msp.o
 .comment       0x0000000000000053       0x54 ./Core/Src/stm32f4xx_it.o
 .comment       0x0000000000000053       0x54 ./Core/Src/system_stm32f4xx.o
 .comment       0x0000000000000053       0x54 ./Drivers/STM32F4xx_HAL_Driver/Src/stm32f4xx_hal.o
 .comment       0x0000000000000053       0x54 ./Drivers/STM32F4xx_HAL_Driver/Src/stm32f4xx_hal_cortex.o
 .comment       0x0000000000000053       0x54 ./Drivers/STM32F4xx_HAL_Driver/Src/stm32f4xx_hal_dma.o
 .comment       0x0000000000000053       0x54 ./Drivers/STM32F4xx_HAL_Driver/Src/stm32f4xx_hal_gpio.o
 .comment       0x0000000000000053       0x54 ./Drivers/STM32F4xx_HAL_Driver/Src/stm32f4xx_hal_rcc.o
 .comment       0x0000000000000053       0x54 ./Drivers/STM32F4xx_HAL_Driver/Src/stm32f4xx_hal_rcc_ex.o
 .comment       0x0000000000000053       0x54 ./Drivers/STM32F4xx_HAL_Driver/Src/stm32f4xx_hal_spi.o
 .comment       0x0000000000000053       0x54 ./Drivers/STM32F4xx_HAL_Driver/Src/stm32f4xx_hal_uart.o

.debug_frame    0x0000000000000000     0x2a98
 .debug_frame   0x0000000000000000      0x5f8 ./Core/Src/lora_sx1276.o
 .debug_frame   0x00000000000005f8       0xc8 ./Core/Src/main.o
 .debug_frame   0x00000000000006c0       0xc8 ./Core/Src/stm32f4xx_hal_msp.o
 .debug_frame   0x0000000000000788      0x13c ./Core/Src/stm32f4xx_it.o
 .debug_frame   0x00000000000008c4       0x58 ./Core/Src/system_stm32f4xx.o
 .debug_frame   0x000000000000091c      0x374 ./Drivers/STM32F4xx_HAL_Driver/Src/stm32f4xx_hal.o
 .debug_frame   0x0000000000000c90      0x498 ./Drivers/STM32F4xx_HAL_Driver/Src/stm32f4xx_hal_cortex.o
 .debug_frame   0x0000000000001128      0x250 ./Drivers/STM32F4xx_HAL_Driver/Src/stm32f4xx_hal_dma.o
 .debug_frame   0x0000000000001378      0x14c ./Drivers/STM32F4xx_HAL_Driver/Src/stm32f4xx_hal_gpio.o
 .debug_frame   0x00000000000014c4      0x1f0 ./Drivers/STM32F4xx_HAL_Driver/Src/stm32f4xx_hal_rcc.o
 .debug_frame   0x00000000000016b4      0x1e8 ./Drivers/STM32F4xx_HAL_Driver/Src/stm32f4xx_hal_rcc_ex.o
 .debug_frame   0x000000000000189c      0x824 ./Drivers/STM32F4xx_HAL_Driver/Src/stm32f4xx_hal_spi.o
 .debug_frame   0x00000000000020c0      0x92c ./Drivers/STM32F4xx_HAL_Driver/Src/stm32f4xx_hal_uart.o
 .debug_frame   0x00000000000029ec       0x2c c:/st/stm32cubeide_1.7.0/stm32cubeide/plugins/com.st.stm32cube.ide.mcu.externaltools.gnu-tools-for-stm32.9-2020-q2-update.win32_2.0.0.202105311346/tools/bin/../lib/gcc/arm-none-eabi/9.3.1/../../../../arm-none-eabi/lib/thumb/v7e-m+fp/hard\libc_nano.a(lib_a-init.o)
 .debug_frame   0x0000000000002a18       0x20 c:/st/stm32cubeide_1.7.0/stm32cubeide/plugins/com.st.stm32cube.ide.mcu.externaltools.gnu-tools-for-stm32.9-2020-q2-update.win32_2.0.0.202105311346/tools/bin/../lib/gcc/arm-none-eabi/9.3.1/../../../../arm-none-eabi/lib/thumb/v7e-m+fp/hard\libc_nano.a(lib_a-memset.o)
 .debug_frame   0x0000000000002a38       0x2c c:/st/stm32cubeide_1.7.0/stm32cubeide/plugins/com.st.stm32cube.ide.mcu.externaltools.gnu-tools-for-stm32.9-2020-q2-update.win32_2.0.0.202105311346/tools/bin/../lib/gcc/arm-none-eabi/9.3.1/thumb/v7e-m+fp/hard\libgcc.a(_aeabi_uldivmod.o)
 .debug_frame   0x0000000000002a64       0x34 c:/st/stm32cubeide_1.7.0/stm32cubeide/plugins/com.st.stm32cube.ide.mcu.externaltools.gnu-tools-for-stm32.9-2020-q2-update.win32_2.0.0.202105311346/tools/bin/../lib/gcc/arm-none-eabi/9.3.1/thumb/v7e-m+fp/hard\libgcc.a(_udivmoddi4.o)
