../Core/Src/main.c:104:6:HAL_TIM_IC_CaptureCallback	16	static
../Core/Src/main.c:113:5:main	56	static
../Core/Src/main.c:195:6:SystemClock_Config	88	static
../Core/Src/main.c:241:13:MX_SAI1_Init	8	static
../Core/Src/main.c:280:13:MX_SPI1_Init	8	static
../Core/Src/main.c:318:13:MX_TIM2_Init	32	static
../Core/Src/main.c:366:13:MX_UART4_Init	8	static
../Core/Src/main.c:399:13:MX_USART2_UART_Init	8	static
../Core/Src/main.c:430:13:MX_DMA_Init	16	static
../Core/Src/main.c:452:13:MX_GPIO_Init	48	static
../Core/Src/main.c:485:6:HAL_SAI_RxHalfCpltCallback	16	static
../Core/Src/main.c:489:6:HAL_SAI_RxCpltCallback	16	static
../Core/Src/main.c:493:6:sendData	64	static
../Core/Src/main.c:563:6:Error_Handler	4	static,ignoring_inline_asm
