main.c:93:6:HAL_TIM_IC_CaptureCallback	16	static
main.c:104:5:main	24	static
main.c:170:6:SystemClock_Config	88	static
main.c:216:13:MX_SAI1_Init	8	static
main.c:255:13:MX_TIM2_Init	32	static
main.c:303:13:MX_UART4_Init	8	static
main.c:336:13:MX_USART2_UART_Init	8	static
main.c:367:13:MX_DMA_Init	16	static
main.c:389:13:MX_GPIO_Init	48	static
main.c:418:6:HAL_SAI_RxHalfCpltCallback	16	static
main.c:422:6:HAL_SAI_RxCpltCallback	16	static
main.c:426:6:sendData	32	static
main.c:489:6:Error_Handler	4	static,ignoring_inline_asm
