Archive member included to satisfy reference by file (symbol)

/Applications/STM32CubeIDE.app/Contents/Eclipse/plugins/com.st.stm32cube.ide.mcu.externaltools.gnu-tools-for-stm32.10.3-2021.10.macos64_1.0.0.202111181127/tools/bin/../lib/gcc/arm-none-eabi/10.3.1/../../../../arm-none-eabi/lib/thumb/v7e-m+fp/hard/libc_nano.a(lib_a-errno.o)
                              ./Core/Src/syscalls.o (__errno)
/Applications/STM32CubeIDE.app/Contents/Eclipse/plugins/com.st.stm32cube.ide.mcu.externaltools.gnu-tools-for-stm32.10.3-2021.10.macos64_1.0.0.202111181127/tools/bin/../lib/gcc/arm-none-eabi/10.3.1/../../../../arm-none-eabi/lib/thumb/v7e-m+fp/hard/libc_nano.a(lib_a-exit.o)
                              /Applications/STM32CubeIDE.app/Contents/Eclipse/plugins/com.st.stm32cube.ide.mcu.externaltools.gnu-tools-for-stm32.10.3-2021.10.macos64_1.0.0.202111181127/tools/bin/../lib/gcc/arm-none-eabi/10.3.1/../../../../arm-none-eabi/lib/thumb/v7e-m+fp/hard/crt0.o (exit)
/Applications/STM32CubeIDE.app/Contents/Eclipse/plugins/com.st.stm32cube.ide.mcu.externaltools.gnu-tools-for-stm32.10.3-2021.10.macos64_1.0.0.202111181127/tools/bin/../lib/gcc/arm-none-eabi/10.3.1/../../../../arm-none-eabi/lib/thumb/v7e-m+fp/hard/libc_nano.a(lib_a-impure.o)
                              /Applications/STM32CubeIDE.app/Contents/Eclipse/plugins/com.st.stm32cube.ide.mcu.externaltools.gnu-tools-for-stm32.10.3-2021.10.macos64_1.0.0.202111181127/tools/bin/../lib/gcc/arm-none-eabi/10.3.1/../../../../arm-none-eabi/lib/thumb/v7e-m+fp/hard/libc_nano.a(lib_a-exit.o) (_global_impure_ptr)
/Applications/STM32CubeIDE.app/Contents/Eclipse/plugins/com.st.stm32cube.ide.mcu.externaltools.gnu-tools-for-stm32.10.3-2021.10.macos64_1.0.0.202111181127/tools/bin/../lib/gcc/arm-none-eabi/10.3.1/../../../../arm-none-eabi/lib/thumb/v7e-m+fp/hard/libc_nano.a(lib_a-init.o)
                              /Applications/STM32CubeIDE.app/Contents/Eclipse/plugins/com.st.stm32cube.ide.mcu.externaltools.gnu-tools-for-stm32.10.3-2021.10.macos64_1.0.0.202111181127/tools/bin/../lib/gcc/arm-none-eabi/10.3.1/../../../../arm-none-eabi/lib/thumb/v7e-m+fp/hard/crt0.o (__libc_init_array)
/Applications/STM32CubeIDE.app/Contents/Eclipse/plugins/com.st.stm32cube.ide.mcu.externaltools.gnu-tools-for-stm32.10.3-2021.10.macos64_1.0.0.202111181127/tools/bin/../lib/gcc/arm-none-eabi/10.3.1/../../../../arm-none-eabi/lib/thumb/v7e-m+fp/hard/libc_nano.a(lib_a-memcpy-stub.o)
                              ./Core/Src/main.o (memcpy)
/Applications/STM32CubeIDE.app/Contents/Eclipse/plugins/com.st.stm32cube.ide.mcu.externaltools.gnu-tools-for-stm32.10.3-2021.10.macos64_1.0.0.202111181127/tools/bin/../lib/gcc/arm-none-eabi/10.3.1/../../../../arm-none-eabi/lib/thumb/v7e-m+fp/hard/libc_nano.a(lib_a-memset.o)
                              /Applications/STM32CubeIDE.app/Contents/Eclipse/plugins/com.st.stm32cube.ide.mcu.externaltools.gnu-tools-for-stm32.10.3-2021.10.macos64_1.0.0.202111181127/tools/bin/../lib/gcc/arm-none-eabi/10.3.1/../../../../arm-none-eabi/lib/thumb/v7e-m+fp/hard/crt0.o (memset)
/Applications/STM32CubeIDE.app/Contents/Eclipse/plugins/com.st.stm32cube.ide.mcu.externaltools.gnu-tools-for-stm32.10.3-2021.10.macos64_1.0.0.202111181127/tools/bin/../lib/gcc/arm-none-eabi/10.3.1/thumb/v7e-m+fp/hard/libgcc.a(_arm_addsubsf3.o)
                              ./Core/Src/main.o (__aeabi_l2f)
/Applications/STM32CubeIDE.app/Contents/Eclipse/plugins/com.st.stm32cube.ide.mcu.externaltools.gnu-tools-for-stm32.10.3-2021.10.macos64_1.0.0.202111181127/tools/bin/../lib/gcc/arm-none-eabi/10.3.1/thumb/v7e-m+fp/hard/libgcc.a(_aeabi_uldivmod.o)
                              ./Core/Src/lora_sx1276.o (__aeabi_uldivmod)
/Applications/STM32CubeIDE.app/Contents/Eclipse/plugins/com.st.stm32cube.ide.mcu.externaltools.gnu-tools-for-stm32.10.3-2021.10.macos64_1.0.0.202111181127/tools/bin/../lib/gcc/arm-none-eabi/10.3.1/thumb/v7e-m+fp/hard/libgcc.a(_udivmoddi4.o)
                              /Applications/STM32CubeIDE.app/Contents/Eclipse/plugins/com.st.stm32cube.ide.mcu.externaltools.gnu-tools-for-stm32.10.3-2021.10.macos64_1.0.0.202111181127/tools/bin/../lib/gcc/arm-none-eabi/10.3.1/thumb/v7e-m+fp/hard/libgcc.a(_aeabi_uldivmod.o) (__udivmoddi4)
/Applications/STM32CubeIDE.app/Contents/Eclipse/plugins/com.st.stm32cube.ide.mcu.externaltools.gnu-tools-for-stm32.10.3-2021.10.macos64_1.0.0.202111181127/tools/bin/../lib/gcc/arm-none-eabi/10.3.1/thumb/v7e-m+fp/hard/libgcc.a(_dvmd_tls.o)
                              /Applications/STM32CubeIDE.app/Contents/Eclipse/plugins/com.st.stm32cube.ide.mcu.externaltools.gnu-tools-for-stm32.10.3-2021.10.macos64_1.0.0.202111181127/tools/bin/../lib/gcc/arm-none-eabi/10.3.1/thumb/v7e-m+fp/hard/libgcc.a(_aeabi_uldivmod.o) (__aeabi_ldiv0)

Discarded input sections

[...]
Memory Configuration

Name             Origin             Length             Attributes
RAM              0x0000000020000000 0x0000000000020000 xrw
FLASH            0x0000000008000000 0x0000000000080000 xr
*default*        0x0000000000000000 0xffffffffffffffff

Linker script and memory map

LOAD /Applications/STM32CubeIDE.app/Contents/Eclipse/plugins/com.st.stm32cube.ide.mcu.externaltools.gnu-tools-for-stm32.10.3-2021.10.macos64_1.0.0.202111181127/tools/bin/../lib/gcc/arm-none-eabi/10.3.1/thumb/v7e-m+fp/hard/crti.o
LOAD /Applications/STM32CubeIDE.app/Contents/Eclipse/plugins/com.st.stm32cube.ide.mcu.externaltools.gnu-tools-for-stm32.10.3-2021.10.macos64_1.0.0.202111181127/tools/bin/../lib/gcc/arm-none-eabi/10.3.1/thumb/v7e-m+fp/hard/crtbegin.o
LOAD /Applications/STM32CubeIDE.app/Contents/Eclipse/plugins/com.st.stm32cube.ide.mcu.externaltools.gnu-tools-for-stm32.10.3-2021.10.macos64_1.0.0.202111181127/tools/bin/../lib/gcc/arm-none-eabi/10.3.1/../../../../arm-none-eabi/lib/thumb/v7e-m+fp/hard/crt0.o
LOAD ./Core/Src/lora_sx1276.o
LOAD ./Core/Src/main.o
LOAD ./Core/Src/stm32f4xx_hal_msp.o
LOAD ./Core/Src/stm32f4xx_it.o
LOAD ./Core/Src/syscalls.o
LOAD ./Core/Src/sysmem.o
LOAD ./Core/Src/system_stm32f4xx.o
LOAD ./Core/Startup/startup_stm32f446zetx.o
LOAD ./Drivers/STM32F4xx_HAL_Driver/Src/stm32f4xx_hal.o
LOAD ./Drivers/STM32F4xx_HAL_Driver/Src/stm32f4xx_hal_cortex.o
LOAD ./Drivers/STM32F4xx_HAL_Driver/Src/stm32f4xx_hal_dma.o
LOAD ./Drivers/STM32F4xx_HAL_Driver/Src/stm32f4xx_hal_dma_ex.o
LOAD ./Drivers/STM32F4xx_HAL_Driver/Src/stm32f4xx_hal_exti.o
LOAD ./Drivers/STM32F4xx_HAL_Driver/Src/stm32f4xx_hal_flash.o
LOAD ./Drivers/STM32F4xx_HAL_Driver/Src/stm32f4xx_hal_flash_ex.o
LOAD ./Drivers/STM32F4xx_HAL_Driver/Src/stm32f4xx_hal_flash_ramfunc.o
LOAD ./Drivers/STM32F4xx_HAL_Driver/Src/stm32f4xx_hal_gpio.o
LOAD ./Drivers/STM32F4xx_HAL_Driver/Src/stm32f4xx_hal_pwr.o
LOAD ./Drivers/STM32F4xx_HAL_Driver/Src/stm32f4xx_hal_pwr_ex.o
LOAD ./Drivers/STM32F4xx_HAL_Driver/Src/stm32f4xx_hal_rcc.o
LOAD ./Drivers/STM32F4xx_HAL_Driver/Src/stm32f4xx_hal_rcc_ex.o
LOAD ./Drivers/STM32F4xx_HAL_Driver/Src/stm32f4xx_hal_sai.o
LOAD ./Drivers/STM32F4xx_HAL_Driver/Src/stm32f4xx_hal_sai_ex.o
LOAD ./Drivers/STM32F4xx_HAL_Driver/Src/stm32f4xx_hal_spi.o
LOAD ./Drivers/STM32F4xx_HAL_Driver/Src/stm32f4xx_hal_tim.o
LOAD ./Drivers/STM32F4xx_HAL_Driver/Src/stm32f4xx_hal_tim_ex.o
LOAD ./Drivers/STM32F4xx_HAL_Driver/Src/stm32f4xx_hal_uart.o
START GROUP
LOAD /Applications/STM32CubeIDE.app/Contents/Eclipse/plugins/com.st.stm32cube.ide.mcu.externaltools.gnu-tools-for-stm32.10.3-2021.10.macos64_1.0.0.202111181127/tools/bin/../lib/gcc/arm-none-eabi/10.3.1/../../../../arm-none-eabi/lib/thumb/v7e-m+fp/hard/libc_nano.a
LOAD /Applications/STM32CubeIDE.app/Contents/Eclipse/plugins/com.st.stm32cube.ide.mcu.externaltools.gnu-tools-for-stm32.10.3-2021.10.macos64_1.0.0.202111181127/tools/bin/../lib/gcc/arm-none-eabi/10.3.1/../../../../arm-none-eabi/lib/thumb/v7e-m+fp/hard/libm.a
END GROUP
START GROUP
LOAD /Applications/STM32CubeIDE.app/Contents/Eclipse/plugins/com.st.stm32cube.ide.mcu.externaltools.gnu-tools-for-stm32.10.3-2021.10.macos64_1.0.0.202111181127/tools/bin/../lib/gcc/arm-none-eabi/10.3.1/thumb/v7e-m+fp/hard/libgcc.a
LOAD /Applications/STM32CubeIDE.app/Contents/Eclipse/plugins/com.st.stm32cube.ide.mcu.externaltools.gnu-tools-for-stm32.10.3-2021.10.macos64_1.0.0.202111181127/tools/bin/../lib/gcc/arm-none-eabi/10.3.1/../../../../arm-none-eabi/lib/thumb/v7e-m+fp/hard/libc_nano.a
END GROUP
START GROUP
LOAD /Applications/STM32CubeIDE.app/Contents/Eclipse/plugins/com.st.stm32cube.ide.mcu.externaltools.gnu-tools-for-stm32.10.3-2021.10.macos64_1.0.0.202111181127/tools/bin/../lib/gcc/arm-none-eabi/10.3.1/thumb/v7e-m+fp/hard/libgcc.a
LOAD /Applications/STM32CubeIDE.app/Contents/Eclipse/plugins/com.st.stm32cube.ide.mcu.externaltools.gnu-tools-for-stm32.10.3-2021.10.macos64_1.0.0.202111181127/tools/bin/../lib/gcc/arm-none-eabi/10.3.1/../../../../arm-none-eabi/lib/thumb/v7e-m+fp/hard/libc_nano.a
LOAD /Applications/STM32CubeIDE.app/Contents/Eclipse/plugins/com.st.stm32cube.ide.mcu.externaltools.gnu-tools-for-stm32.10.3-2021.10.macos64_1.0.0.202111181127/tools/bin/../lib/gcc/arm-none-eabi/10.3.1/../../../../arm-none-eabi/lib/thumb/v7e-m+fp/hard/libnosys.a
END GROUP
START GROUP
LOAD /Applications/STM32CubeIDE.app/Contents/Eclipse/plugins/com.st.stm32cube.ide.mcu.externaltools.gnu-tools-for-stm32.10.3-2021.10.macos64_1.0.0.202111181127/tools/bin/../lib/gcc/arm-none-eabi/10.3.1/thumb/v7e-m+fp/hard/libgcc.a
LOAD /Applications/STM32CubeIDE.app/Contents/Eclipse/plugins/com.st.stm32cube.ide.mcu.externaltools.gnu-tools-for-stm32.10.3-2021.10.macos64_1.0.0.202111181127/tools/bin/../lib/gcc/arm-none-eabi/10.3.1/../../../../arm-none-eabi/lib/thumb/v7e-m+fp/hard/libc_nano.a
LOAD /Applications/STM32CubeIDE.app/Contents/Eclipse/plugins/com.st.stm32cube.ide.mcu.externaltools.gnu-tools-for-stm32.10.3-2021.10.macos64_1.0.0.202111181127/tools/bin/../lib/gcc/arm-none-eabi/10.3.1/../../../../arm-none-eabi/lib/thumb/v7e-m+fp/hard/libnosys.a
END GROUP
LOAD /Applications/STM32CubeIDE.app/Contents/Eclipse/plugins/com.st.stm32cube.ide.mcu.externaltools.gnu-tools-for-stm32.10.3-2021.10.macos64_1.0.0.202111181127/tools/bin/../lib/gcc/arm-none-eabi/10.3.1/thumb/v7e-m+fp/hard/crtend.o
LOAD /Applications/STM32CubeIDE.app/Contents/Eclipse/plugins/com.st.stm32cube.ide.mcu.externaltools.gnu-tools-for-stm32.10.3-2021.10.macos64_1.0.0.202111181127/tools/bin/../lib/gcc/arm-none-eabi/10.3.1/thumb/v7e-m+fp/hard/crtn.o
                0x0000000020020000                _estack = (ORIGIN (RAM) + LENGTH (RAM))
                0x0000000000000200                _Min_Heap_Size = 0x200
                0x0000000000000400                _Min_Stack_Size = 0x400

.isr_vector     0x0000000008000000      0x1c4
                0x0000000008000000                . = ALIGN (0x4)
 *(.isr_vector)
 .isr_vector    0x0000000008000000      0x1c4 ./Core/Startup/startup_stm32f446zetx.o
                0x0000000008000000                g_pfnVectors
                0x00000000080001c4                . = ALIGN (0x4)

.text           0x00000000080001c8     0x7770
                0x00000000080001c8                . = ALIGN (0x4)
 *(.text)
 .text          0x00000000080001c8       0x40 /Applications/STM32CubeIDE.app/Contents/Eclipse/plugins/com.st.stm32cube.ide.mcu.externaltools.gnu-tools-for-stm32.10.3-2021.10.macos64_1.0.0.202111181127/tools/bin/../lib/gcc/arm-none-eabi/10.3.1/thumb/v7e-m+fp/hard/crtbegin.o
 .text          0x0000000008000208      0x21c /Applications/STM32CubeIDE.app/Contents/Eclipse/plugins/com.st.stm32cube.ide.mcu.externaltools.gnu-tools-for-stm32.10.3-2021.10.macos64_1.0.0.202111181127/tools/bin/../lib/gcc/arm-none-eabi/10.3.1/thumb/v7e-m+fp/hard/libgcc.a(_arm_addsubsf3.o)
                0x0000000008000208                __aeabi_frsub
                0x0000000008000210                __aeabi_fsub
                0x0000000008000210                __subsf3
                0x0000000008000214                __aeabi_fadd
                0x0000000008000214                __addsf3
                0x0000000008000374                __aeabi_ui2f
                0x0000000008000374                __floatunsisf
                0x000000000800037c                __floatsisf
                0x000000000800037c                __aeabi_i2f
                0x0000000008000398                __aeabi_ul2f
                0x0000000008000398                __floatundisf
                0x00000000080003a8                __aeabi_l2f
                0x00000000080003a8                __floatdisf
 .text          0x0000000008000424       0x30 /Applications/STM32CubeIDE.app/Contents/Eclipse/plugins/com.st.stm32cube.ide.mcu.externaltools.gnu-tools-for-stm32.10.3-2021.10.macos64_1.0.0.202111181127/tools/bin/../lib/gcc/arm-none-eabi/10.3.1/thumb/v7e-m+fp/hard/libgcc.a(_aeabi_uldivmod.o)
                0x0000000008000424                __aeabi_uldivmod
 .text          0x0000000008000454      0x2d0 /Applications/STM32CubeIDE.app/Contents/Eclipse/plugins/com.st.stm32cube.ide.mcu.externaltools.gnu-tools-for-stm32.10.3-2021.10.macos64_1.0.0.202111181127/tools/bin/../lib/gcc/arm-none-eabi/10.3.1/thumb/v7e-m+fp/hard/libgcc.a(_udivmoddi4.o)
                0x0000000008000454                __udivmoddi4
 .text          0x0000000008000724        0x4 /Applications/STM32CubeIDE.app/Contents/Eclipse/plugins/com.st.stm32cube.ide.mcu.externaltools.gnu-tools-for-stm32.10.3-2021.10.macos64_1.0.0.202111181127/tools/bin/../lib/gcc/arm-none-eabi/10.3.1/thumb/v7e-m+fp/hard/libgcc.a(_dvmd_tls.o)
                0x0000000008000724                __aeabi_ldiv0
                0x0000000008000724                __aeabi_idiv0
 *(.text*)
 .text.read_register
                0x0000000008000728       0x6e ./Core/Src/lora_sx1276.o
 .text.write_register
                0x0000000008000796       0x68 ./Core/Src/lora_sx1276.o
 .text.write_fifo
                0x00000000080007fe       0x84 ./Core/Src/lora_sx1276.o
 .text.set_mode
                0x0000000008000882       0x26 ./Core/Src/lora_sx1276.o
 .text.set_OCP  0x00000000080008a8       0x6c ./Core/Src/lora_sx1276.o
 .text.set_low_data_rate_optimization
                0x0000000008000914       0x60 ./Core/Src/lora_sx1276.o
 .text.lora_mode_sleep
                0x0000000008000974       0x18 ./Core/Src/lora_sx1276.o
                0x0000000008000974                lora_mode_sleep
 .text.lora_mode_standby
                0x000000000800098c       0x18 ./Core/Src/lora_sx1276.o
                0x000000000800098c                lora_mode_standby
 .text.lora_set_explicit_header_mode
                0x00000000080009a4       0x30 ./Core/Src/lora_sx1276.o
                0x00000000080009a4                lora_set_explicit_header_mode
 .text.lora_set_tx_power
                0x00000000080009d4       0x98 ./Core/Src/lora_sx1276.o
                0x00000000080009d4                lora_set_tx_power
 .text.lora_set_frequency
                0x0000000008000a6c       0x8c ./Core/Src/lora_sx1276.o
                0x0000000008000a6c                lora_set_frequency
 .text.lora_set_spreading_factor
                0x0000000008000af8       0x88 ./Core/Src/lora_sx1276.o
                0x0000000008000af8                lora_set_spreading_factor
 .text.lora_set_preamble_length
                0x0000000008000b80       0x3a ./Core/Src/lora_sx1276.o
                0x0000000008000b80                lora_set_preamble_length
 .text.lora_is_transmitting
                0x0000000008000bba       0x2c ./Core/Src/lora_sx1276.o
                0x0000000008000bba                lora_is_transmitting
 .text.lora_send_packet_base
                0x0000000008000be6       0x84 ./Core/Src/lora_sx1276.o
 .text.lora_send_packet
                0x0000000008000c6a       0x24 ./Core/Src/lora_sx1276.o
                0x0000000008000c6a                lora_send_packet
 .text.lora_clear_interrupt_tx_done
                0x0000000008000c8e       0x1a ./Core/Src/lora_sx1276.o
                0x0000000008000c8e                lora_clear_interrupt_tx_done
 .text.lora_init
                0x0000000008000ca8       0xac ./Core/Src/lora_sx1276.o
                0x0000000008000ca8                lora_init
 .text.HAL_TIM_IC_CaptureCallback
                0x0000000008000d54       0x1c ./Core/Src/main.o
                0x0000000008000d54                HAL_TIM_IC_CaptureCallback
 .text.HAL_UART_RxCpltCallback
                0x0000000008000d70       0x34 ./Core/Src/main.o
                0x0000000008000d70                HAL_UART_RxCpltCallback
 *fill*         0x0000000008000da4        0x4 
 .text.main     0x0000000008000da8      0x1ac ./Core/Src/main.o
                0x0000000008000da8                main
 .text.SystemClock_Config
                0x0000000008000f54       0xdc ./Core/Src/main.o
                0x0000000008000f54                SystemClock_Config
 .text.MX_SAI1_Init
                0x0000000008001030       0x94 ./Core/Src/main.o
 .text.MX_SPI1_Init
                0x00000000080010c4       0x6c ./Core/Src/main.o
 .text.MX_TIM2_Init
                0x0000000008001130       0xa4 ./Core/Src/main.o
 .text.MX_USART1_UART_Init
                0x00000000080011d4       0x54 ./Core/Src/main.o
 .text.MX_USART2_UART_Init
                0x0000000008001228       0x54 ./Core/Src/main.o
 .text.MX_DMA_Init
                0x000000000800127c       0x6c ./Core/Src/main.o
 .text.MX_GPIO_Init
                0x00000000080012e8      0x194 ./Core/Src/main.o
 .text.HAL_SAI_RxHalfCpltCallback
                0x000000000800147c       0x20 ./Core/Src/main.o
                0x000000000800147c                HAL_SAI_RxHalfCpltCallback
 .text.HAL_SAI_RxCpltCallback
                0x000000000800149c       0x20 ./Core/Src/main.o
                0x000000000800149c                HAL_SAI_RxCpltCallback
 .text.sendData
                0x00000000080014bc      0x390 ./Core/Src/main.o
                0x00000000080014bc                sendData
 .text.Error_Handler
                0x000000000800184c        0xa ./Core/Src/main.o
                0x000000000800184c                Error_Handler
 *fill*         0x0000000008001856        0x2 
 .text.HAL_MspInit
                0x0000000008001858       0x50 ./Core/Src/stm32f4xx_hal_msp.o
                0x0000000008001858                HAL_MspInit
 .text.HAL_SPI_MspInit
                0x00000000080018a8       0x90 ./Core/Src/stm32f4xx_hal_msp.o
                0x00000000080018a8                HAL_SPI_MspInit
 .text.HAL_TIM_IC_MspInit
                0x0000000008001938       0x9c ./Core/Src/stm32f4xx_hal_msp.o
                0x0000000008001938                HAL_TIM_IC_MspInit
 .text.HAL_UART_MspInit
                0x00000000080019d4      0x1ac ./Core/Src/stm32f4xx_hal_msp.o
                0x00000000080019d4                HAL_UART_MspInit
 .text.HAL_SAI_MspInit
                0x0000000008001b80      0x168 ./Core/Src/stm32f4xx_hal_msp.o
                0x0000000008001b80                HAL_SAI_MspInit
 .text.NMI_Handler
                0x0000000008001ce8        0x6 ./Core/Src/stm32f4xx_it.o
                0x0000000008001ce8                NMI_Handler
 .text.HardFault_Handler
                0x0000000008001cee        0x6 ./Core/Src/stm32f4xx_it.o
                0x0000000008001cee                HardFault_Handler
 .text.MemManage_Handler
                0x0000000008001cf4        0x6 ./Core/Src/stm32f4xx_it.o
                0x0000000008001cf4                MemManage_Handler
 .text.BusFault_Handler
                0x0000000008001cfa        0x6 ./Core/Src/stm32f4xx_it.o
                0x0000000008001cfa                BusFault_Handler
 .text.UsageFault_Handler
                0x0000000008001d00        0x6 ./Core/Src/stm32f4xx_it.o
                0x0000000008001d00                UsageFault_Handler
 .text.SVC_Handler
                0x0000000008001d06        0xe ./Core/Src/stm32f4xx_it.o
                0x0000000008001d06                SVC_Handler
 .text.DebugMon_Handler
                0x0000000008001d14        0xe ./Core/Src/stm32f4xx_it.o
                0x0000000008001d14                DebugMon_Handler
 .text.PendSV_Handler
                0x0000000008001d22        0xe ./Core/Src/stm32f4xx_it.o
                0x0000000008001d22                PendSV_Handler
 .text.SysTick_Handler
                0x0000000008001d30        0xc ./Core/Src/stm32f4xx_it.o
                0x0000000008001d30                SysTick_Handler
 .text.DMA1_Stream5_IRQHandler
                0x0000000008001d3c       0x14 ./Core/Src/stm32f4xx_it.o
                0x0000000008001d3c                DMA1_Stream5_IRQHandler
 .text.TIM2_IRQHandler
                0x0000000008001d50       0x14 ./Core/Src/stm32f4xx_it.o
                0x0000000008001d50                TIM2_IRQHandler
 .text.USART2_IRQHandler
                0x0000000008001d64       0x14 ./Core/Src/stm32f4xx_it.o
                0x0000000008001d64                USART2_IRQHandler
 .text.DMA2_Stream4_IRQHandler
                0x0000000008001d78       0x14 ./Core/Src/stm32f4xx_it.o
                0x0000000008001d78                DMA2_Stream4_IRQHandler
 .text.SystemInit
                0x0000000008001d8c       0x24 ./Core/Src/system_stm32f4xx.o
                0x0000000008001d8c                SystemInit
 .text.Reset_Handler
                0x0000000008001db0       0x50 ./Core/Startup/startup_stm32f446zetx.o
                0x0000000008001db0                Reset_Handler
 .text.Default_Handler
                0x0000000008001e00        0x2 ./Core/Startup/startup_stm32f446zetx.o
                0x0000000008001e00                DMA1_Stream3_IRQHandler
                0x0000000008001e00                EXTI2_IRQHandler
                0x0000000008001e00                TIM8_CC_IRQHandler
                0x0000000008001e00                FMPI2C1_EV_IRQHandler
                0x0000000008001e00                SPI4_IRQHandler
                0x0000000008001e00                TIM1_CC_IRQHandler
                0x0000000008001e00                DMA2_Stream5_IRQHandler
                0x0000000008001e00                PVD_IRQHandler
                0x0000000008001e00                SDIO_IRQHandler
                0x0000000008001e00                TAMP_STAMP_IRQHandler
                0x0000000008001e00                CAN2_RX1_IRQHandler
                0x0000000008001e00                EXTI3_IRQHandler
                0x0000000008001e00                TIM8_TRG_COM_TIM14_IRQHandler
                0x0000000008001e00                TIM1_UP_TIM10_IRQHandler
                0x0000000008001e00                TIM8_UP_TIM13_IRQHandler
                0x0000000008001e00                I2C3_ER_IRQHandler
                0x0000000008001e00                EXTI0_IRQHandler
                0x0000000008001e00                I2C2_EV_IRQHandler
                0x0000000008001e00                DMA1_Stream2_IRQHandler
                0x0000000008001e00                CAN1_RX0_IRQHandler
                0x0000000008001e00                FPU_IRQHandler
                0x0000000008001e00                OTG_HS_WKUP_IRQHandler
                0x0000000008001e00                CAN2_SCE_IRQHandler
                0x0000000008001e00                DMA2_Stream2_IRQHandler
                0x0000000008001e00                SPI1_IRQHandler
                0x0000000008001e00                TIM6_DAC_IRQHandler
                0x0000000008001e00                TIM1_BRK_TIM9_IRQHandler
                0x0000000008001e00                DCMI_IRQHandler
                0x0000000008001e00                CAN2_RX0_IRQHandler
                0x0000000008001e00                DMA2_Stream3_IRQHandler
                0x0000000008001e00                SAI2_IRQHandler
                0x0000000008001e00                USART6_IRQHandler
                0x0000000008001e00                USART3_IRQHandler
                0x0000000008001e00                CAN1_RX1_IRQHandler
                0x0000000008001e00                UART5_IRQHandler
                0x0000000008001e00                DMA2_Stream0_IRQHandler
                0x0000000008001e00                TIM4_IRQHandler
                0x0000000008001e00                QUADSPI_IRQHandler
                0x0000000008001e00                I2C1_EV_IRQHandler
                0x0000000008001e00                DMA1_Stream6_IRQHandler
                0x0000000008001e00                DMA1_Stream1_IRQHandler
                0x0000000008001e00                UART4_IRQHandler
                0x0000000008001e00                TIM3_IRQHandler
                0x0000000008001e00                RCC_IRQHandler
                0x0000000008001e00                TIM8_BRK_TIM12_IRQHandler
                0x0000000008001e00                Default_Handler
                0x0000000008001e00                CEC_IRQHandler
                0x0000000008001e00                EXTI15_10_IRQHandler
                0x0000000008001e00                ADC_IRQHandler
                0x0000000008001e00                DMA1_Stream7_IRQHandler
                0x0000000008001e00                TIM7_IRQHandler
                0x0000000008001e00                CAN2_TX_IRQHandler
                0x0000000008001e00                TIM5_IRQHandler
                0x0000000008001e00                DMA2_Stream7_IRQHandler
                0x0000000008001e00                I2C3_EV_IRQHandler
                0x0000000008001e00                EXTI9_5_IRQHandler
                0x0000000008001e00                RTC_WKUP_IRQHandler
                0x0000000008001e00                SPDIF_RX_IRQHandler
                0x0000000008001e00                SPI2_IRQHandler
                0x0000000008001e00                OTG_HS_EP1_IN_IRQHandler
                0x0000000008001e00                DMA1_Stream0_IRQHandler
                0x0000000008001e00                CAN1_TX_IRQHandler
                0x0000000008001e00                FMPI2C1_ER_IRQHandler
                0x0000000008001e00                EXTI4_IRQHandler
                0x0000000008001e00                OTG_HS_EP1_OUT_IRQHandler
                0x0000000008001e00                WWDG_IRQHandler
                0x0000000008001e00                OTG_FS_WKUP_IRQHandler
                0x0000000008001e00                TIM1_TRG_COM_TIM11_IRQHandler
                0x0000000008001e00                OTG_HS_IRQHandler
                0x0000000008001e00                EXTI1_IRQHandler
                0x0000000008001e00                I2C2_ER_IRQHandler
                0x0000000008001e00                DMA2_Stream1_IRQHandler
                0x0000000008001e00                CAN1_SCE_IRQHandler
                0x0000000008001e00                FLASH_IRQHandler
                0x0000000008001e00                USART1_IRQHandler
                0x0000000008001e00                OTG_FS_IRQHandler
                0x0000000008001e00                SPI3_IRQHandler
                0x0000000008001e00                DMA1_Stream4_IRQHandler
                0x0000000008001e00                I2C1_ER_IRQHandler
                0x0000000008001e00                FMC_IRQHandler
                0x0000000008001e00                DMA2_Stream6_IRQHandler
                0x0000000008001e00                SAI1_IRQHandler
                0x0000000008001e00                RTC_Alarm_IRQHandler
 *fill*         0x0000000008001e02        0x2 
 .text.HAL_Init
                0x0000000008001e04       0x44 ./Drivers/STM32F4xx_HAL_Driver/Src/stm32f4xx_hal.o
                0x0000000008001e04                HAL_Init
 .text.HAL_InitTick
                0x0000000008001e48       0x60 ./Drivers/STM32F4xx_HAL_Driver/Src/stm32f4xx_hal.o
                0x0000000008001e48                HAL_InitTick
 .text.HAL_IncTick
                0x0000000008001ea8       0x28 ./Drivers/STM32F4xx_HAL_Driver/Src/stm32f4xx_hal.o
                0x0000000008001ea8                HAL_IncTick
 .text.HAL_GetTick
                0x0000000008001ed0       0x18 ./Drivers/STM32F4xx_HAL_Driver/Src/stm32f4xx_hal.o
                0x0000000008001ed0                HAL_GetTick
 .text.HAL_Delay
                0x0000000008001ee8       0x48 ./Drivers/STM32F4xx_HAL_Driver/Src/stm32f4xx_hal.o
                0x0000000008001ee8                HAL_Delay
 .text.__NVIC_SetPriorityGrouping
                0x0000000008001f30       0x48 ./Drivers/STM32F4xx_HAL_Driver/Src/stm32f4xx_hal_cortex.o
 .text.__NVIC_GetPriorityGrouping
                0x0000000008001f78       0x1c ./Drivers/STM32F4xx_HAL_Driver/Src/stm32f4xx_hal_cortex.o
 .text.__NVIC_EnableIRQ
                0x0000000008001f94       0x3c ./Drivers/STM32F4xx_HAL_Driver/Src/stm32f4xx_hal_cortex.o
 .text.__NVIC_SetPriority
                0x0000000008001fd0       0x54 ./Drivers/STM32F4xx_HAL_Driver/Src/stm32f4xx_hal_cortex.o
 .text.NVIC_EncodePriority
                0x0000000008002024       0x66 ./Drivers/STM32F4xx_HAL_Driver/Src/stm32f4xx_hal_cortex.o
 *fill*         0x000000000800208a        0x2 
 .text.SysTick_Config
                0x000000000800208c       0x44 ./Drivers/STM32F4xx_HAL_Driver/Src/stm32f4xx_hal_cortex.o
 .text.HAL_NVIC_SetPriorityGrouping
                0x00000000080020d0       0x16 ./Drivers/STM32F4xx_HAL_Driver/Src/stm32f4xx_hal_cortex.o
                0x00000000080020d0                HAL_NVIC_SetPriorityGrouping
 .text.HAL_NVIC_SetPriority
                0x00000000080020e6       0x38 ./Drivers/STM32F4xx_HAL_Driver/Src/stm32f4xx_hal_cortex.o
                0x00000000080020e6                HAL_NVIC_SetPriority
 .text.HAL_NVIC_EnableIRQ
                0x000000000800211e       0x1c ./Drivers/STM32F4xx_HAL_Driver/Src/stm32f4xx_hal_cortex.o
                0x000000000800211e                HAL_NVIC_EnableIRQ
 .text.HAL_SYSTICK_Config
                0x000000000800213a       0x18 ./Drivers/STM32F4xx_HAL_Driver/Src/stm32f4xx_hal_cortex.o
                0x000000000800213a                HAL_SYSTICK_Config
 *fill*         0x0000000008002152        0x2 
 .text.HAL_DMA_Init
                0x0000000008002154      0x15c ./Drivers/STM32F4xx_HAL_Driver/Src/stm32f4xx_hal_dma.o
                0x0000000008002154                HAL_DMA_Init
 .text.HAL_DMA_Start_IT
                0x00000000080022b0       0xb0 ./Drivers/STM32F4xx_HAL_Driver/Src/stm32f4xx_hal_dma.o
                0x00000000080022b0                HAL_DMA_Start_IT
 .text.HAL_DMA_Abort
                0x0000000008002360       0xe0 ./Drivers/STM32F4xx_HAL_Driver/Src/stm32f4xx_hal_dma.o
                0x0000000008002360                HAL_DMA_Abort
 .text.HAL_DMA_Abort_IT
                0x0000000008002440       0x44 ./Drivers/STM32F4xx_HAL_Driver/Src/stm32f4xx_hal_dma.o
                0x0000000008002440                HAL_DMA_Abort_IT
 .text.HAL_DMA_IRQHandler
                0x0000000008002484      0x314 ./Drivers/STM32F4xx_HAL_Driver/Src/stm32f4xx_hal_dma.o
                0x0000000008002484                HAL_DMA_IRQHandler
 .text.DMA_SetConfig
                0x0000000008002798       0x5c ./Drivers/STM32F4xx_HAL_Driver/Src/stm32f4xx_hal_dma.o
 .text.DMA_CalcBaseAndBitshift
                0x00000000080027f4       0x6c ./Drivers/STM32F4xx_HAL_Driver/Src/stm32f4xx_hal_dma.o
 .text.DMA_CheckFifoParam
                0x0000000008002860       0xf8 ./Drivers/STM32F4xx_HAL_Driver/Src/stm32f4xx_hal_dma.o
 .text.HAL_GPIO_Init
                0x0000000008002958      0x328 ./Drivers/STM32F4xx_HAL_Driver/Src/stm32f4xx_hal_gpio.o
                0x0000000008002958                HAL_GPIO_Init
 .text.HAL_GPIO_WritePin
                0x0000000008002c80       0x32 ./Drivers/STM32F4xx_HAL_Driver/Src/stm32f4xx_hal_gpio.o
                0x0000000008002c80                HAL_GPIO_WritePin
 *fill*         0x0000000008002cb2        0x2 
 .text.HAL_RCC_ClockConfig
                0x0000000008002cb4      0x1cc ./Drivers/STM32F4xx_HAL_Driver/Src/stm32f4xx_hal_rcc.o
                0x0000000008002cb4                HAL_RCC_ClockConfig
 .text.HAL_RCC_GetHCLKFreq
                0x0000000008002e80       0x18 ./Drivers/STM32F4xx_HAL_Driver/Src/stm32f4xx_hal_rcc.o
                0x0000000008002e80                HAL_RCC_GetHCLKFreq
 .text.HAL_RCC_GetPCLK1Freq
                0x0000000008002e98       0x28 ./Drivers/STM32F4xx_HAL_Driver/Src/stm32f4xx_hal_rcc.o
                0x0000000008002e98                HAL_RCC_GetPCLK1Freq
 .text.HAL_RCC_GetPCLK2Freq
                0x0000000008002ec0       0x28 ./Drivers/STM32F4xx_HAL_Driver/Src/stm32f4xx_hal_rcc.o
                0x0000000008002ec0                HAL_RCC_GetPCLK2Freq
 .text.HAL_RCCEx_PeriphCLKConfig
                0x0000000008002ee8      0x654 ./Drivers/STM32F4xx_HAL_Driver/Src/stm32f4xx_hal_rcc_ex.o
                0x0000000008002ee8                HAL_RCCEx_PeriphCLKConfig
 .text.HAL_RCCEx_GetPeriphCLKFreq
                0x000000000800353c      0x490 ./Drivers/STM32F4xx_HAL_Driver/Src/stm32f4xx_hal_rcc_ex.o
                0x000000000800353c                HAL_RCCEx_GetPeriphCLKFreq
 .text.HAL_RCC_GetSysClockFreq
                0x00000000080039cc      0x354 ./Drivers/STM32F4xx_HAL_Driver/Src/stm32f4xx_hal_rcc_ex.o
                0x00000000080039cc                HAL_RCC_GetSysClockFreq
 .text.HAL_RCC_OscConfig
                0x0000000008003d20      0x53c ./Drivers/STM32F4xx_HAL_Driver/Src/stm32f4xx_hal_rcc_ex.o
                0x0000000008003d20                HAL_RCC_OscConfig
 .text.HAL_SAI_InitProtocol
                0x000000000800425c       0x66 ./Drivers/STM32F4xx_HAL_Driver/Src/stm32f4xx_hal_sai.o
                0x000000000800425c                HAL_SAI_InitProtocol
 *fill*         0x00000000080042c2        0x2 
 .text.HAL_SAI_Init
                0x00000000080042c4      0x250 ./Drivers/STM32F4xx_HAL_Driver/Src/stm32f4xx_hal_sai.o
                0x00000000080042c4                HAL_SAI_Init
 .text.HAL_SAI_Receive_DMA
                0x0000000008004514      0x11c ./Drivers/STM32F4xx_HAL_Driver/Src/stm32f4xx_hal_sai.o
                0x0000000008004514                HAL_SAI_Receive_DMA
 .text.HAL_SAI_ErrorCallback
                0x0000000008004630       0x14 ./Drivers/STM32F4xx_HAL_Driver/Src/stm32f4xx_hal_sai.o
                0x0000000008004630                HAL_SAI_ErrorCallback
 .text.SAI_InitI2S
                0x0000000008004644      0x15c ./Drivers/STM32F4xx_HAL_Driver/Src/stm32f4xx_hal_sai.o
 .text.SAI_InitPCM
                0x00000000080047a0      0x100 ./Drivers/STM32F4xx_HAL_Driver/Src/stm32f4xx_hal_sai.o
 .text.SAI_InterruptFlag
                0x00000000080048a0       0x6c ./Drivers/STM32F4xx_HAL_Driver/Src/stm32f4xx_hal_sai.o
 .text.SAI_Disable
                0x000000000800490c       0x70 ./Drivers/STM32F4xx_HAL_Driver/Src/stm32f4xx_hal_sai.o
 .text.SAI_DMARxCplt
                0x000000000800497c       0x60 ./Drivers/STM32F4xx_HAL_Driver/Src/stm32f4xx_hal_sai.o
 .text.SAI_DMARxHalfCplt
                0x00000000080049dc       0x1c ./Drivers/STM32F4xx_HAL_Driver/Src/stm32f4xx_hal_sai.o
 .text.SAI_DMAError
                0x00000000080049f8       0x66 ./Drivers/STM32F4xx_HAL_Driver/Src/stm32f4xx_hal_sai.o
 *fill*         0x0000000008004a5e        0x2 
 .text.SAI_BlockSynchroConfig
                0x0000000008004a60       0x88 ./Drivers/STM32F4xx_HAL_Driver/Src/stm32f4xx_hal_sai_ex.o
                0x0000000008004a60                SAI_BlockSynchroConfig
 .text.SAI_GetInputClock
                0x0000000008004ae8       0x44 ./Drivers/STM32F4xx_HAL_Driver/Src/stm32f4xx_hal_sai_ex.o
                0x0000000008004ae8                SAI_GetInputClock
 .text.HAL_SPI_Init
                0x0000000008004b2c      0x112 ./Drivers/STM32F4xx_HAL_Driver/Src/stm32f4xx_hal_spi.o
                0x0000000008004b2c                HAL_SPI_Init
 .text.HAL_SPI_Transmit
                0x0000000008004c3e      0x278 ./Drivers/STM32F4xx_HAL_Driver/Src/stm32f4xx_hal_spi.o
                0x0000000008004c3e                HAL_SPI_Transmit
 .text.HAL_SPI_Receive
                0x0000000008004eb6      0x222 ./Drivers/STM32F4xx_HAL_Driver/Src/stm32f4xx_hal_spi.o
                0x0000000008004eb6                HAL_SPI_Receive
 .text.HAL_SPI_TransmitReceive
                0x00000000080050d8      0x344 ./Drivers/STM32F4xx_HAL_Driver/Src/stm32f4xx_hal_spi.o
                0x00000000080050d8                HAL_SPI_TransmitReceive
 .text.HAL_SPI_Transmit_DMA
                0x000000000800541c      0x16c ./Drivers/STM32F4xx_HAL_Driver/Src/stm32f4xx_hal_spi.o
                0x000000000800541c                HAL_SPI_Transmit_DMA
 .text.HAL_SPI_TxCpltCallback
                0x0000000008005588       0x14 ./Drivers/STM32F4xx_HAL_Driver/Src/stm32f4xx_hal_spi.o
                0x0000000008005588                HAL_SPI_TxCpltCallback
 .text.HAL_SPI_TxHalfCpltCallback
                0x000000000800559c       0x14 ./Drivers/STM32F4xx_HAL_Driver/Src/stm32f4xx_hal_spi.o
                0x000000000800559c                HAL_SPI_TxHalfCpltCallback
 .text.HAL_SPI_ErrorCallback
                0x00000000080055b0       0x14 ./Drivers/STM32F4xx_HAL_Driver/Src/stm32f4xx_hal_spi.o
                0x00000000080055b0                HAL_SPI_ErrorCallback
 .text.SPI_DMATransmitCplt
                0x00000000080055c4       0xa8 ./Drivers/STM32F4xx_HAL_Driver/Src/stm32f4xx_hal_spi.o
 .text.SPI_DMAHalfTransmitCplt
                0x000000000800566c       0x1c ./Drivers/STM32F4xx_HAL_Driver/Src/stm32f4xx_hal_spi.o
 .text.SPI_DMAError
                0x0000000008005688       0x40 ./Drivers/STM32F4xx_HAL_Driver/Src/stm32f4xx_hal_spi.o
 .text.SPI_WaitFlagStateUntilTimeout
                0x00000000080056c8      0x110 ./Drivers/STM32F4xx_HAL_Driver/Src/stm32f4xx_hal_spi.o
 .text.SPI_EndRxTransaction
                0x00000000080057d8       0xca ./Drivers/STM32F4xx_HAL_Driver/Src/stm32f4xx_hal_spi.o
 *fill*         0x00000000080058a2        0x2 
 .text.SPI_EndRxTxTransaction
                0x00000000080058a4       0x84 ./Drivers/STM32F4xx_HAL_Driver/Src/stm32f4xx_hal_spi.o
 .text.HAL_TIM_IC_Init
                0x0000000008005928       0x9e ./Drivers/STM32F4xx_HAL_Driver/Src/stm32f4xx_hal_tim.o
                0x0000000008005928                HAL_TIM_IC_Init
 *fill*         0x00000000080059c6        0x2 
 .text.HAL_TIM_IC_Start_IT
                0x00000000080059c8      0x250 ./Drivers/STM32F4xx_HAL_Driver/Src/stm32f4xx_hal_tim.o
                0x00000000080059c8                HAL_TIM_IC_Start_IT
 .text.HAL_TIM_IRQHandler
                0x0000000008005c18      0x210 ./Drivers/STM32F4xx_HAL_Driver/Src/stm32f4xx_hal_tim.o
                0x0000000008005c18                HAL_TIM_IRQHandler
 .text.HAL_TIM_IC_ConfigChannel
                0x0000000008005e28      0x138 ./Drivers/STM32F4xx_HAL_Driver/Src/stm32f4xx_hal_tim.o
                0x0000000008005e28                HAL_TIM_IC_ConfigChannel
 .text.HAL_TIM_PeriodElapsedCallback
                0x0000000008005f60       0x14 ./Drivers/STM32F4xx_HAL_Driver/Src/stm32f4xx_hal_tim.o
                0x0000000008005f60                HAL_TIM_PeriodElapsedCallback
 .text.HAL_TIM_OC_DelayElapsedCallback
                0x0000000008005f74       0x14 ./Drivers/STM32F4xx_HAL_Driver/Src/stm32f4xx_hal_tim.o
                0x0000000008005f74                HAL_TIM_OC_DelayElapsedCallback
 .text.HAL_TIM_PWM_PulseFinishedCallback
                0x0000000008005f88       0x14 ./Drivers/STM32F4xx_HAL_Driver/Src/stm32f4xx_hal_tim.o
                0x0000000008005f88                HAL_TIM_PWM_PulseFinishedCallback
 .text.HAL_TIM_TriggerCallback
                0x0000000008005f9c       0x14 ./Drivers/STM32F4xx_HAL_Driver/Src/stm32f4xx_hal_tim.o
                0x0000000008005f9c                HAL_TIM_TriggerCallback
 .text.TIM_Base_SetConfig
                0x0000000008005fb0      0x140 ./Drivers/STM32F4xx_HAL_Driver/Src/stm32f4xx_hal_tim.o
                0x0000000008005fb0                TIM_Base_SetConfig
 .text.TIM_TI1_SetConfig
                0x00000000080060f0       0xe8 ./Drivers/STM32F4xx_HAL_Driver/Src/stm32f4xx_hal_tim.o
                0x00000000080060f0                TIM_TI1_SetConfig
 .text.TIM_TI2_SetConfig
                0x00000000080061d8       0x7a ./Drivers/STM32F4xx_HAL_Driver/Src/stm32f4xx_hal_tim.o
 .text.TIM_TI3_SetConfig
                0x0000000008006252       0x78 ./Drivers/STM32F4xx_HAL_Driver/Src/stm32f4xx_hal_tim.o
 .text.TIM_TI4_SetConfig
                0x00000000080062ca       0x7a ./Drivers/STM32F4xx_HAL_Driver/Src/stm32f4xx_hal_tim.o
 .text.TIM_CCxChannelCmd
                0x0000000008006344       0x4a ./Drivers/STM32F4xx_HAL_Driver/Src/stm32f4xx_hal_tim.o
                0x0000000008006344                TIM_CCxChannelCmd
 *fill*         0x000000000800638e        0x2 
 .text.HAL_TIMEx_MasterConfigSynchronization
                0x0000000008006390       0xf8 ./Drivers/STM32F4xx_HAL_Driver/Src/stm32f4xx_hal_tim_ex.o
                0x0000000008006390                HAL_TIMEx_MasterConfigSynchronization
 .text.HAL_TIMEx_CommutCallback
                0x0000000008006488       0x14 ./Drivers/STM32F4xx_HAL_Driver/Src/stm32f4xx_hal_tim_ex.o
                0x0000000008006488                HAL_TIMEx_CommutCallback
 .text.HAL_TIMEx_BreakCallback
                0x000000000800649c       0x14 ./Drivers/STM32F4xx_HAL_Driver/Src/stm32f4xx_hal_tim_ex.o
                0x000000000800649c                HAL_TIMEx_BreakCallback
 .text.HAL_UART_Init
                0x00000000080064b0       0x9a ./Drivers/STM32F4xx_HAL_Driver/Src/stm32f4xx_hal_uart.o
                0x00000000080064b0                HAL_UART_Init
 .text.HAL_UART_Transmit
                0x000000000800654a      0x124 ./Drivers/STM32F4xx_HAL_Driver/Src/stm32f4xx_hal_uart.o
                0x000000000800654a                HAL_UART_Transmit
 .text.HAL_UART_Receive_DMA
                0x000000000800666e       0x60 ./Drivers/STM32F4xx_HAL_Driver/Src/stm32f4xx_hal_uart.o
                0x000000000800666e                HAL_UART_Receive_DMA
 *fill*         0x00000000080066ce        0x2 
 .text.HAL_UART_IRQHandler
                0x00000000080066d0      0x51c ./Drivers/STM32F4xx_HAL_Driver/Src/stm32f4xx_hal_uart.o
                0x00000000080066d0                HAL_UART_IRQHandler
 .text.HAL_UART_TxCpltCallback
                0x0000000008006bec       0x14 ./Drivers/STM32F4xx_HAL_Driver/Src/stm32f4xx_hal_uart.o
                0x0000000008006bec                HAL_UART_TxCpltCallback
 .text.HAL_UART_RxHalfCpltCallback
                0x0000000008006c00       0x14 ./Drivers/STM32F4xx_HAL_Driver/Src/stm32f4xx_hal_uart.o
                0x0000000008006c00                HAL_UART_RxHalfCpltCallback
 .text.HAL_UART_ErrorCallback
                0x0000000008006c14       0x14 ./Drivers/STM32F4xx_HAL_Driver/Src/stm32f4xx_hal_uart.o
                0x0000000008006c14                HAL_UART_ErrorCallback
 .text.HAL_UARTEx_RxEventCallback
                0x0000000008006c28       0x18 ./Drivers/STM32F4xx_HAL_Driver/Src/stm32f4xx_hal_uart.o
                0x0000000008006c28                HAL_UARTEx_RxEventCallback
 .text.UART_DMAReceiveCplt
                0x0000000008006c40      0x126 ./Drivers/STM32F4xx_HAL_Driver/Src/stm32f4xx_hal_uart.o
 .text.UART_DMARxHalfCplt
                0x0000000008006d66       0x36 ./Drivers/STM32F4xx_HAL_Driver/Src/stm32f4xx_hal_uart.o
 .text.UART_DMAError
                0x0000000008006d9c       0x94 ./Drivers/STM32F4xx_HAL_Driver/Src/stm32f4xx_hal_uart.o
 .text.UART_WaitOnFlagUntilTimeout
                0x0000000008006e30       0xdc ./Drivers/STM32F4xx_HAL_Driver/Src/stm32f4xx_hal_uart.o
 .text.UART_Start_Receive_DMA
                0x0000000008006f0c      0x134 ./Drivers/STM32F4xx_HAL_Driver/Src/stm32f4xx_hal_uart.o
                0x0000000008006f0c                UART_Start_Receive_DMA
 .text.UART_EndTxTransfer
                0x0000000008007040       0x50 ./Drivers/STM32F4xx_HAL_Driver/Src/stm32f4xx_hal_uart.o
 .text.UART_EndRxTransfer
                0x0000000008007090       0xc6 ./Drivers/STM32F4xx_HAL_Driver/Src/stm32f4xx_hal_uart.o
 .text.UART_DMAAbortOnError
                0x0000000008007156       0x28 ./Drivers/STM32F4xx_HAL_Driver/Src/stm32f4xx_hal_uart.o
 .text.UART_Transmit_IT
                0x000000000800717e       0xa0 ./Drivers/STM32F4xx_HAL_Driver/Src/stm32f4xx_hal_uart.o
 .text.UART_EndTransmit_IT
                0x000000000800721e       0x30 ./Drivers/STM32F4xx_HAL_Driver/Src/stm32f4xx_hal_uart.o
 .text.UART_Receive_IT
                0x000000000800724e      0x176 ./Drivers/STM32F4xx_HAL_Driver/Src/stm32f4xx_hal_uart.o
 .text.UART_SetConfig
                0x00000000080073c4      0x4e8 ./Drivers/STM32F4xx_HAL_Driver/Src/stm32f4xx_hal_uart.o
 .text.__libc_init_array
                0x00000000080078ac       0x48 /Applications/STM32CubeIDE.app/Contents/Eclipse/plugins/com.st.stm32cube.ide.mcu.externaltools.gnu-tools-for-stm32.10.3-2021.10.macos64_1.0.0.202111181127/tools/bin/../lib/gcc/arm-none-eabi/10.3.1/../../../../arm-none-eabi/lib/thumb/v7e-m+fp/hard/libc_nano.a(lib_a-init.o)
                0x00000000080078ac                __libc_init_array
 .text.memcpy   0x00000000080078f4       0x1c /Applications/STM32CubeIDE.app/Contents/Eclipse/plugins/com.st.stm32cube.ide.mcu.externaltools.gnu-tools-for-stm32.10.3-2021.10.macos64_1.0.0.202111181127/tools/bin/../lib/gcc/arm-none-eabi/10.3.1/../../../../arm-none-eabi/lib/thumb/v7e-m+fp/hard/libc_nano.a(lib_a-memcpy-stub.o)
                0x00000000080078f4                memcpy
 .text.memset   0x0000000008007910       0x10 /Applications/STM32CubeIDE.app/Contents/Eclipse/plugins/com.st.stm32cube.ide.mcu.externaltools.gnu-tools-for-stm32.10.3-2021.10.macos64_1.0.0.202111181127/tools/bin/../lib/gcc/arm-none-eabi/10.3.1/../../../../arm-none-eabi/lib/thumb/v7e-m+fp/hard/libc_nano.a(lib_a-memset.o)
                0x0000000008007910                memset
 *(.glue_7)
 .glue_7        0x0000000008007920        0x0 linker stubs
 *(.glue_7t)
 .glue_7t       0x0000000008007920        0x0 linker stubs
 *(.eh_frame)
 .eh_frame      0x0000000008007920        0x0 /Applications/STM32CubeIDE.app/Contents/Eclipse/plugins/com.st.stm32cube.ide.mcu.externaltools.gnu-tools-for-stm32.10.3-2021.10.macos64_1.0.0.202111181127/tools/bin/../lib/gcc/arm-none-eabi/10.3.1/thumb/v7e-m+fp/hard/crtbegin.o
 *(.init)
 .init          0x0000000008007920        0x4 /Applications/STM32CubeIDE.app/Contents/Eclipse/plugins/com.st.stm32cube.ide.mcu.externaltools.gnu-tools-for-stm32.10.3-2021.10.macos64_1.0.0.202111181127/tools/bin/../lib/gcc/arm-none-eabi/10.3.1/thumb/v7e-m+fp/hard/crti.o
                0x0000000008007920                _init
 .init          0x0000000008007924        0x8 /Applications/STM32CubeIDE.app/Contents/Eclipse/plugins/com.st.stm32cube.ide.mcu.externaltools.gnu-tools-for-stm32.10.3-2021.10.macos64_1.0.0.202111181127/tools/bin/../lib/gcc/arm-none-eabi/10.3.1/thumb/v7e-m+fp/hard/crtn.o
 *(.fini)
 .fini          0x000000000800792c        0x4 /Applications/STM32CubeIDE.app/Contents/Eclipse/plugins/com.st.stm32cube.ide.mcu.externaltools.gnu-tools-for-stm32.10.3-2021.10.macos64_1.0.0.202111181127/tools/bin/../lib/gcc/arm-none-eabi/10.3.1/thumb/v7e-m+fp/hard/crti.o
                0x000000000800792c                _fini
 .fini          0x0000000008007930        0x8 /Applications/STM32CubeIDE.app/Contents/Eclipse/plugins/com.st.stm32cube.ide.mcu.externaltools.gnu-tools-for-stm32.10.3-2021.10.macos64_1.0.0.202111181127/tools/bin/../lib/gcc/arm-none-eabi/10.3.1/thumb/v7e-m+fp/hard/crtn.o
                0x0000000008007938                . = ALIGN (0x4)
                0x0000000008007938                _etext = .

.vfp11_veneer   0x0000000008007938        0x0
 .vfp11_veneer  0x0000000008007938        0x0 linker stubs

.v4_bx          0x0000000008007938        0x0
 .v4_bx         0x0000000008007938        0x0 linker stubs

.iplt           0x0000000008007938        0x0
 .iplt          0x0000000008007938        0x0 /Applications/STM32CubeIDE.app/Contents/Eclipse/plugins/com.st.stm32cube.ide.mcu.externaltools.gnu-tools-for-stm32.10.3-2021.10.macos64_1.0.0.202111181127/tools/bin/../lib/gcc/arm-none-eabi/10.3.1/thumb/v7e-m+fp/hard/crtbegin.o

.rodata         0x0000000008007938       0x20
                0x0000000008007938                . = ALIGN (0x4)
 *(.rodata)
 *(.rodata*)
 .rodata.AHBPrescTable
                0x0000000008007938       0x10 ./Core/Src/system_stm32f4xx.o
                0x0000000008007938                AHBPrescTable
 .rodata.APBPrescTable
                0x0000000008007948        0x8 ./Core/Src/system_stm32f4xx.o
                0x0000000008007948                APBPrescTable
 .rodata.flagBitshiftOffset.0
                0x0000000008007950        0x8 ./Drivers/STM32F4xx_HAL_Driver/Src/stm32f4xx_hal_dma.o
                0x0000000008007958                . = ALIGN (0x4)

.ARM.extab      0x0000000008007958        0x0
                0x0000000008007958                . = ALIGN (0x4)
 *(.ARM.extab* .gnu.linkonce.armextab.*)
                0x0000000008007958                . = ALIGN (0x4)

.ARM            0x0000000008007958        0x8
                0x0000000008007958                . = ALIGN (0x4)
                0x0000000008007958                __exidx_start = .
 *(.ARM.exidx*)
 .ARM.exidx     0x0000000008007958        0x8 /Applications/STM32CubeIDE.app/Contents/Eclipse/plugins/com.st.stm32cube.ide.mcu.externaltools.gnu-tools-for-stm32.10.3-2021.10.macos64_1.0.0.202111181127/tools/bin/../lib/gcc/arm-none-eabi/10.3.1/thumb/v7e-m+fp/hard/libgcc.a(_udivmoddi4.o)
                0x0000000008007960                __exidx_end = .
                0x0000000008007960                . = ALIGN (0x4)

.rel.dyn        0x0000000008007960        0x0
 .rel.iplt      0x0000000008007960        0x0 /Applications/STM32CubeIDE.app/Contents/Eclipse/plugins/com.st.stm32cube.ide.mcu.externaltools.gnu-tools-for-stm32.10.3-2021.10.macos64_1.0.0.202111181127/tools/bin/../lib/gcc/arm-none-eabi/10.3.1/thumb/v7e-m+fp/hard/crtbegin.o

.preinit_array  0x0000000008007960        0x0
                0x0000000008007960                . = ALIGN (0x4)
                0x0000000008007960                PROVIDE (__preinit_array_start = .)
 *(.preinit_array*)
                0x0000000008007960                PROVIDE (__preinit_array_end = .)
                0x0000000008007960                . = ALIGN (0x4)

.init_array     0x0000000008007960        0x4
                0x0000000008007960                . = ALIGN (0x4)
                0x0000000008007960                PROVIDE (__init_array_start = .)
 *(SORT_BY_NAME(.init_array.*))
 *(.init_array*)
 .init_array    0x0000000008007960        0x4 /Applications/STM32CubeIDE.app/Contents/Eclipse/plugins/com.st.stm32cube.ide.mcu.externaltools.gnu-tools-for-stm32.10.3-2021.10.macos64_1.0.0.202111181127/tools/bin/../lib/gcc/arm-none-eabi/10.3.1/thumb/v7e-m+fp/hard/crtbegin.o
                0x0000000008007964                PROVIDE (__init_array_end = .)
                0x0000000008007964                . = ALIGN (0x4)

.fini_array     0x0000000008007964        0x4
                0x0000000008007964                . = ALIGN (0x4)
                [!provide]                        PROVIDE (__fini_array_start = .)
 *(SORT_BY_NAME(.fini_array.*))
 *(.fini_array*)
 .fini_array    0x0000000008007964        0x4 /Applications/STM32CubeIDE.app/Contents/Eclipse/plugins/com.st.stm32cube.ide.mcu.externaltools.gnu-tools-for-stm32.10.3-2021.10.macos64_1.0.0.202111181127/tools/bin/../lib/gcc/arm-none-eabi/10.3.1/thumb/v7e-m+fp/hard/crtbegin.o
                [!provide]                        PROVIDE (__fini_array_end = .)
                0x0000000008007968                . = ALIGN (0x4)
                0x0000000008007968                _sidata = LOADADDR (.data)

.data           0x0000000020000000       0x40 load address 0x0000000008007968
                0x0000000020000000                . = ALIGN (0x4)
                0x0000000020000000                _sdata = .
 *(.data)
 *(.data*)
 .data.devID    0x0000000020000000        0x4 ./Core/Src/main.o
                0x0000000020000000                devID
 .data.endPadding
                0x0000000020000004        0x4 ./Core/Src/main.o
                0x0000000020000004                endPadding
 .data.iterfacing_failed
                0x0000000020000008       0x13 ./Core/Src/main.o
                0x0000000020000008                iterfacing_failed
 *fill*         0x000000002000001b        0x1 
 .data.transmission_success
                0x000000002000001c       0x15 ./Core/Src/main.o
                0x000000002000001c                transmission_success
 *fill*         0x0000000020000031        0x3 
 .data.SystemCoreClock
                0x0000000020000034        0x4 ./Core/Src/system_stm32f4xx.o
                0x0000000020000034                SystemCoreClock
 .data.uwTickPrio
                0x0000000020000038        0x4 ./Drivers/STM32F4xx_HAL_Driver/Src/stm32f4xx_hal.o
                0x0000000020000038                uwTickPrio
 .data.uwTickFreq
                0x000000002000003c        0x1 ./Drivers/STM32F4xx_HAL_Driver/Src/stm32f4xx_hal.o
                0x000000002000003c                uwTickFreq
 *(.RamFunc)
 *(.RamFunc*)
                0x0000000020000040                . = ALIGN (0x4)
 *fill*         0x000000002000003d        0x3 
                0x0000000020000040                _edata = .

.igot.plt       0x0000000020000040        0x0 load address 0x00000000080079a8
 .igot.plt      0x0000000020000040        0x0 /Applications/STM32CubeIDE.app/Contents/Eclipse/plugins/com.st.stm32cube.ide.mcu.externaltools.gnu-tools-for-stm32.10.3-2021.10.macos64_1.0.0.202111181127/tools/bin/../lib/gcc/arm-none-eabi/10.3.1/thumb/v7e-m+fp/hard/crtbegin.o
                0x0000000020000040                . = ALIGN (0x4)

.bss            0x0000000020000040     0x2cb0 load address 0x00000000080079a8
                0x0000000020000040                _sbss = .
                0x0000000020000040                __bss_start__ = _sbss
 *(.bss)
 .bss           0x0000000020000040       0x1c /Applications/STM32CubeIDE.app/Contents/Eclipse/plugins/com.st.stm32cube.ide.mcu.externaltools.gnu-tools-for-stm32.10.3-2021.10.macos64_1.0.0.202111181127/tools/bin/../lib/gcc/arm-none-eabi/10.3.1/thumb/v7e-m+fp/hard/crtbegin.o
 *(.bss*)
 .bss.hsai_BlockB1
                0x000000002000005c       0x88 ./Core/Src/main.o
                0x000000002000005c                hsai_BlockB1
 .bss.hdma_sai1_b
                0x00000000200000e4       0x60 ./Core/Src/main.o
                0x00000000200000e4                hdma_sai1_b
 .bss.hspi1     0x0000000020000144       0x58 ./Core/Src/main.o
                0x0000000020000144                hspi1
 .bss.htim2     0x000000002000019c       0x48 ./Core/Src/main.o
                0x000000002000019c                htim2
 .bss.huart1    0x00000000200001e4       0x44 ./Core/Src/main.o
                0x00000000200001e4                huart1
 .bss.huart2    0x0000000020000228       0x44 ./Core/Src/main.o
                0x0000000020000228                huart2
 .bss.hdma_usart2_rx
                0x000000002000026c       0x60 ./Core/Src/main.o
                0x000000002000026c                hdma_usart2_rx
 .bss._sampleBuffer
                0x00000000200002cc     0x1b80 ./Core/Src/main.o
                0x00000000200002cc                _sampleBuffer
 .bss._sendBuffer
                0x0000000020001e4c      0x370 ./Core/Src/main.o
                0x0000000020001e4c                _sendBuffer
 .bss.circular_buf_mov
                0x00000000200021bc       0xc8 ./Core/Src/main.o
                0x00000000200021bc                circular_buf_mov
 .bss.head_mov  0x0000000020002284        0x4 ./Core/Src/main.o
                0x0000000020002284                head_mov
 .bss.tail_mov  0x0000000020002288        0x4 ./Core/Src/main.o
                0x0000000020002288                tail_mov
 .bss.circular_buf_full
                0x000000002000228c      0x9f6 ./Core/Src/main.o
                0x000000002000228c                circular_buf_full
 *fill*         0x0000000020002c82        0x2 
 .bss.head_full
                0x0000000020002c84        0x4 ./Core/Src/main.o
                0x0000000020002c84                head_full
 .bss.tail_full
                0x0000000020002c88        0x4 ./Core/Src/main.o
                0x0000000020002c88                tail_full
 *fill*         0x0000000020002c8c        0x4 
 .bss.moving_sum
                0x0000000020002c90        0x8 ./Core/Src/main.o
                0x0000000020002c90                moving_sum
 .bss.moving_avg
                0x0000000020002c98        0x4 ./Core/Src/main.o
                0x0000000020002c98                moving_avg
 .bss._running  0x0000000020002c9c        0x1 ./Core/Src/main.o
                0x0000000020002c9c                _running
 *fill*         0x0000000020002c9d        0x1 
 .bss.counter   0x0000000020002c9e        0x2 ./Core/Src/main.o
                0x0000000020002c9e                counter
 .bss.done      0x0000000020002ca0        0x4 ./Core/Src/main.o
                0x0000000020002ca0                done
 .bss.lora      0x0000000020002ca4       0x18 ./Core/Src/main.o
                0x0000000020002ca4                lora
 .bss.GPS_buffer
                0x0000000020002cbc       0x28 ./Core/Src/main.o
                0x0000000020002cbc                GPS_buffer
 .bss.timerVal  0x0000000020002ce4        0x4 ./Core/Src/main.o
                0x0000000020002ce4                timerVal
 .bss.SAI1_client
                0x0000000020002ce8        0x4 ./Core/Src/stm32f4xx_hal_msp.o
 .bss.uwTick    0x0000000020002cec        0x4 ./Drivers/STM32F4xx_HAL_Driver/Src/stm32f4xx_hal.o
                0x0000000020002cec                uwTick
 *(COMMON)
                0x0000000020002cf0                . = ALIGN (0x4)
                0x0000000020002cf0                _ebss = .
                0x0000000020002cf0                __bss_end__ = _ebss

._user_heap_stack
                0x0000000020002cf0      0x600 load address 0x00000000080079a8
                0x0000000020002cf0                . = ALIGN (0x8)
                [!provide]                        PROVIDE (end = .)
                0x0000000020002cf0                PROVIDE (_end = .)
                0x0000000020002ef0                . = (. + _Min_Heap_Size)
 *fill*         0x0000000020002cf0      0x200 
                0x00000000200032f0                . = (. + _Min_Stack_Size)
 *fill*         0x0000000020002ef0      0x400 
                0x00000000200032f0                . = ALIGN (0x8)

/DISCARD/
 libc.a(*)
 libm.a(*)
 libgcc.a(*)

.ARM.attributes
                0x0000000000000000       0x30
 *(.ARM.attributes)
 .ARM.attributes
                0x0000000000000000       0x1e /Applications/STM32CubeIDE.app/Contents/Eclipse/plugins/com.st.stm32cube.ide.mcu.externaltools.gnu-tools-for-stm32.10.3-2021.10.macos64_1.0.0.202111181127/tools/bin/../lib/gcc/arm-none-eabi/10.3.1/thumb/v7e-m+fp/hard/crti.o
 .ARM.attributes
                0x000000000000001e       0x34 /Applications/STM32CubeIDE.app/Contents/Eclipse/plugins/com.st.stm32cube.ide.mcu.externaltools.gnu-tools-for-stm32.10.3-2021.10.macos64_1.0.0.202111181127/tools/bin/../lib/gcc/arm-none-eabi/10.3.1/thumb/v7e-m+fp/hard/crtbegin.o
 .ARM.attributes
                0x0000000000000052       0x34 ./Core/Src/lora_sx1276.o
 .ARM.attributes
                0x0000000000000086       0x34 ./Core/Src/main.o
 .ARM.attributes
                0x00000000000000ba       0x34 ./Core/Src/stm32f4xx_hal_msp.o
 .ARM.attributes
                0x00000000000000ee       0x34 ./Core/Src/stm32f4xx_it.o
 .ARM.attributes
                0x0000000000000122       0x34 ./Core/Src/system_stm32f4xx.o
 .ARM.attributes
                0x0000000000000156       0x21 ./Core/Startup/startup_stm32f446zetx.o
 .ARM.attributes
                0x0000000000000177       0x34 ./Drivers/STM32F4xx_HAL_Driver/Src/stm32f4xx_hal.o
 .ARM.attributes
                0x00000000000001ab       0x34 ./Drivers/STM32F4xx_HAL_Driver/Src/stm32f4xx_hal_cortex.o
 .ARM.attributes
                0x00000000000001df       0x34 ./Drivers/STM32F4xx_HAL_Driver/Src/stm32f4xx_hal_dma.o
 .ARM.attributes
                0x0000000000000213       0x34 ./Drivers/STM32F4xx_HAL_Driver/Src/stm32f4xx_hal_gpio.o
 .ARM.attributes
                0x0000000000000247       0x34 ./Drivers/STM32F4xx_HAL_Driver/Src/stm32f4xx_hal_rcc.o
 .ARM.attributes
                0x000000000000027b       0x34 ./Drivers/STM32F4xx_HAL_Driver/Src/stm32f4xx_hal_rcc_ex.o
 .ARM.attributes
                0x00000000000002af       0x34 ./Drivers/STM32F4xx_HAL_Driver/Src/stm32f4xx_hal_sai.o
 .ARM.attributes
                0x00000000000002e3       0x34 ./Drivers/STM32F4xx_HAL_Driver/Src/stm32f4xx_hal_sai_ex.o
 .ARM.attributes
                0x0000000000000317       0x34 ./Drivers/STM32F4xx_HAL_Driver/Src/stm32f4xx_hal_spi.o
 .ARM.attributes
                0x000000000000034b       0x34 ./Drivers/STM32F4xx_HAL_Driver/Src/stm32f4xx_hal_tim.o
 .ARM.attributes
                0x000000000000037f       0x34 ./Drivers/STM32F4xx_HAL_Driver/Src/stm32f4xx_hal_tim_ex.o
 .ARM.attributes
                0x00000000000003b3       0x34 ./Drivers/STM32F4xx_HAL_Driver/Src/stm32f4xx_hal_uart.o
 .ARM.attributes
                0x00000000000003e7       0x34 /Applications/STM32CubeIDE.app/Contents/Eclipse/plugins/com.st.stm32cube.ide.mcu.externaltools.gnu-tools-for-stm32.10.3-2021.10.macos64_1.0.0.202111181127/tools/bin/../lib/gcc/arm-none-eabi/10.3.1/../../../../arm-none-eabi/lib/thumb/v7e-m+fp/hard/libc_nano.a(lib_a-init.o)
 .ARM.attributes
                0x000000000000041b       0x34 /Applications/STM32CubeIDE.app/Contents/Eclipse/plugins/com.st.stm32cube.ide.mcu.externaltools.gnu-tools-for-stm32.10.3-2021.10.macos64_1.0.0.202111181127/tools/bin/../lib/gcc/arm-none-eabi/10.3.1/../../../../arm-none-eabi/lib/thumb/v7e-m+fp/hard/libc_nano.a(lib_a-memcpy-stub.o)
 .ARM.attributes
                0x000000000000044f       0x34 /Applications/STM32CubeIDE.app/Contents/Eclipse/plugins/com.st.stm32cube.ide.mcu.externaltools.gnu-tools-for-stm32.10.3-2021.10.macos64_1.0.0.202111181127/tools/bin/../lib/gcc/arm-none-eabi/10.3.1/../../../../arm-none-eabi/lib/thumb/v7e-m+fp/hard/libc_nano.a(lib_a-memset.o)
 .ARM.attributes
                0x0000000000000483       0x1e /Applications/STM32CubeIDE.app/Contents/Eclipse/plugins/com.st.stm32cube.ide.mcu.externaltools.gnu-tools-for-stm32.10.3-2021.10.macos64_1.0.0.202111181127/tools/bin/../lib/gcc/arm-none-eabi/10.3.1/thumb/v7e-m+fp/hard/libgcc.a(_arm_addsubsf3.o)
 .ARM.attributes
                0x00000000000004a1       0x1e /Applications/STM32CubeIDE.app/Contents/Eclipse/plugins/com.st.stm32cube.ide.mcu.externaltools.gnu-tools-for-stm32.10.3-2021.10.macos64_1.0.0.202111181127/tools/bin/../lib/gcc/arm-none-eabi/10.3.1/thumb/v7e-m+fp/hard/libgcc.a(_aeabi_uldivmod.o)
 .ARM.attributes
                0x00000000000004bf       0x34 /Applications/STM32CubeIDE.app/Contents/Eclipse/plugins/com.st.stm32cube.ide.mcu.externaltools.gnu-tools-for-stm32.10.3-2021.10.macos64_1.0.0.202111181127/tools/bin/../lib/gcc/arm-none-eabi/10.3.1/thumb/v7e-m+fp/hard/libgcc.a(_udivmoddi4.o)
 .ARM.attributes
                0x00000000000004f3       0x1e /Applications/STM32CubeIDE.app/Contents/Eclipse/plugins/com.st.stm32cube.ide.mcu.externaltools.gnu-tools-for-stm32.10.3-2021.10.macos64_1.0.0.202111181127/tools/bin/../lib/gcc/arm-none-eabi/10.3.1/thumb/v7e-m+fp/hard/libgcc.a(_dvmd_tls.o)
 .ARM.attributes
                0x0000000000000511       0x1e /Applications/STM32CubeIDE.app/Contents/Eclipse/plugins/com.st.stm32cube.ide.mcu.externaltools.gnu-tools-for-stm32.10.3-2021.10.macos64_1.0.0.202111181127/tools/bin/../lib/gcc/arm-none-eabi/10.3.1/thumb/v7e-m+fp/hard/crtn.o
OUTPUT(pcb.elf elf32-littlearm)
LOAD linker stubs
LOAD /Applications/STM32CubeIDE.app/Contents/Eclipse/plugins/com.st.stm32cube.ide.mcu.externaltools.gnu-tools-for-stm32.10.3-2021.10.macos64_1.0.0.202111181127/tools/bin/../lib/gcc/arm-none-eabi/10.3.1/../../../../arm-none-eabi/lib/thumb/v7e-m+fp/hard/libc.a
LOAD /Applications/STM32CubeIDE.app/Contents/Eclipse/plugins/com.st.stm32cube.ide.mcu.externaltools.gnu-tools-for-stm32.10.3-2021.10.macos64_1.0.0.202111181127/tools/bin/../lib/gcc/arm-none-eabi/10.3.1/../../../../arm-none-eabi/lib/thumb/v7e-m+fp/hard/libm.a
LOAD /Applications/STM32CubeIDE.app/Contents/Eclipse/plugins/com.st.stm32cube.ide.mcu.externaltools.gnu-tools-for-stm32.10.3-2021.10.macos64_1.0.0.202111181127/tools/bin/../lib/gcc/arm-none-eabi/10.3.1/thumb/v7e-m+fp/hard/libgcc.a

.debug_info     0x0000000000000000    0x13f5e
 .debug_info    0x0000000000000000     0x14a7 ./Core/Src/lora_sx1276.o
 .debug_info    0x00000000000014a7     0x20ee ./Core/Src/main.o
 .debug_info    0x0000000000003595     0x199d ./Core/Src/stm32f4xx_hal_msp.o
 .debug_info    0x0000000000004f32      0xa24 ./Core/Src/stm32f4xx_it.o
 .debug_info    0x0000000000005956      0x55b ./Core/Src/system_stm32f4xx.o
 .debug_info    0x0000000000005eb1       0x22 ./Core/Startup/startup_stm32f446zetx.o
 .debug_info    0x0000000000005ed3      0x9d2 ./Drivers/STM32F4xx_HAL_Driver/Src/stm32f4xx_hal.o
 .debug_info    0x00000000000068a5      0xe39 ./Drivers/STM32F4xx_HAL_Driver/Src/stm32f4xx_hal_cortex.o
 .debug_info    0x00000000000076de      0x94f ./Drivers/STM32F4xx_HAL_Driver/Src/stm32f4xx_hal_dma.o
 .debug_info    0x000000000000802d      0x7be ./Drivers/STM32F4xx_HAL_Driver/Src/stm32f4xx_hal_gpio.o
 .debug_info    0x00000000000087eb      0x9ab ./Drivers/STM32F4xx_HAL_Driver/Src/stm32f4xx_hal_rcc.o
 .debug_info    0x0000000000009196      0x9ec ./Drivers/STM32F4xx_HAL_Driver/Src/stm32f4xx_hal_rcc_ex.o
 .debug_info    0x0000000000009b82     0x11ff ./Drivers/STM32F4xx_HAL_Driver/Src/stm32f4xx_hal_sai.o
 .debug_info    0x000000000000ad81      0x74b ./Drivers/STM32F4xx_HAL_Driver/Src/stm32f4xx_hal_sai_ex.o
 .debug_info    0x000000000000b4cc     0x1758 ./Drivers/STM32F4xx_HAL_Driver/Src/stm32f4xx_hal_spi.o
 .debug_info    0x000000000000cc24     0x2bbf ./Drivers/STM32F4xx_HAL_Driver/Src/stm32f4xx_hal_tim.o
 .debug_info    0x000000000000f7e3     0x15e0 ./Drivers/STM32F4xx_HAL_Driver/Src/stm32f4xx_hal_tim_ex.o
 .debug_info    0x0000000000010dc3     0x319b ./Drivers/STM32F4xx_HAL_Driver/Src/stm32f4xx_hal_uart.o

.debug_abbrev   0x0000000000000000     0x269c
 .debug_abbrev  0x0000000000000000      0x285 ./Core/Src/lora_sx1276.o
 .debug_abbrev  0x0000000000000285      0x320 ./Core/Src/main.o
 .debug_abbrev  0x00000000000005a5      0x25a ./Core/Src/stm32f4xx_hal_msp.o
 .debug_abbrev  0x00000000000007ff      0x184 ./Core/Src/stm32f4xx_it.o
 .debug_abbrev  0x0000000000000983      0x116 ./Core/Src/system_stm32f4xx.o
 .debug_abbrev  0x0000000000000a99       0x12 ./Core/Startup/startup_stm32f446zetx.o
 .debug_abbrev  0x0000000000000aab      0x20d ./Drivers/STM32F4xx_HAL_Driver/Src/stm32f4xx_hal.o
 .debug_abbrev  0x0000000000000cb8      0x316 ./Drivers/STM32F4xx_HAL_Driver/Src/stm32f4xx_hal_cortex.o
 .debug_abbrev  0x0000000000000fce      0x25b ./Drivers/STM32F4xx_HAL_Driver/Src/stm32f4xx_hal_dma.o
 .debug_abbrev  0x0000000000001229      0x1c4 ./Drivers/STM32F4xx_HAL_Driver/Src/stm32f4xx_hal_gpio.o
 .debug_abbrev  0x00000000000013ed      0x2aa ./Drivers/STM32F4xx_HAL_Driver/Src/stm32f4xx_hal_rcc.o
 .debug_abbrev  0x0000000000001697      0x1fb ./Drivers/STM32F4xx_HAL_Driver/Src/stm32f4xx_hal_rcc_ex.o
 .debug_abbrev  0x0000000000001892      0x285 ./Drivers/STM32F4xx_HAL_Driver/Src/stm32f4xx_hal_sai.o
 .debug_abbrev  0x0000000000001b17      0x168 ./Drivers/STM32F4xx_HAL_Driver/Src/stm32f4xx_hal_sai_ex.o
 .debug_abbrev  0x0000000000001c7f      0x26e ./Drivers/STM32F4xx_HAL_Driver/Src/stm32f4xx_hal_spi.o
 .debug_abbrev  0x0000000000001eed      0x25d ./Drivers/STM32F4xx_HAL_Driver/Src/stm32f4xx_hal_tim.o
 .debug_abbrev  0x000000000000214a      0x265 ./Drivers/STM32F4xx_HAL_Driver/Src/stm32f4xx_hal_tim_ex.o
 .debug_abbrev  0x00000000000023af      0x2ed ./Drivers/STM32F4xx_HAL_Driver/Src/stm32f4xx_hal_uart.o

.debug_aranges  0x0000000000000000     0x11c0
 .debug_aranges
                0x0000000000000000      0x168 ./Core/Src/lora_sx1276.o
 .debug_aranges
                0x0000000000000168       0x90 ./Core/Src/main.o
 .debug_aranges
                0x00000000000001f8       0x60 ./Core/Src/stm32f4xx_hal_msp.o
 .debug_aranges
                0x0000000000000258       0x80 ./Core/Src/stm32f4xx_it.o
 .debug_aranges
                0x00000000000002d8       0x28 ./Core/Src/system_stm32f4xx.o
 .debug_aranges
                0x0000000000000300       0x28 ./Core/Startup/startup_stm32f446zetx.o
 .debug_aranges
                0x0000000000000328       0xf0 ./Drivers/STM32F4xx_HAL_Driver/Src/stm32f4xx_hal.o
 .debug_aranges
                0x0000000000000418      0x118 ./Drivers/STM32F4xx_HAL_Driver/Src/stm32f4xx_hal_cortex.o
 .debug_aranges
                0x0000000000000530       0x90 ./Drivers/STM32F4xx_HAL_Driver/Src/stm32f4xx_hal_dma.o
 .debug_aranges
                0x00000000000005c0       0x58 ./Drivers/STM32F4xx_HAL_Driver/Src/stm32f4xx_hal_gpio.o
 .debug_aranges
                0x0000000000000618       0x88 ./Drivers/STM32F4xx_HAL_Driver/Src/stm32f4xx_hal_rcc.o
 .debug_aranges
                0x00000000000006a0       0x78 ./Drivers/STM32F4xx_HAL_Driver/Src/stm32f4xx_hal_rcc_ex.o
 .debug_aranges
                0x0000000000000718      0x178 ./Drivers/STM32F4xx_HAL_Driver/Src/stm32f4xx_hal_sai.o
 .debug_aranges
                0x0000000000000890       0x28 ./Drivers/STM32F4xx_HAL_Driver/Src/stm32f4xx_hal_sai_ex.o
 .debug_aranges
                0x00000000000008b8      0x1d0 ./Drivers/STM32F4xx_HAL_Driver/Src/stm32f4xx_hal_spi.o
 .debug_aranges
                0x0000000000000a88      0x3d0 ./Drivers/STM32F4xx_HAL_Driver/Src/stm32f4xx_hal_tim.o
 .debug_aranges
                0x0000000000000e58      0x168 ./Drivers/STM32F4xx_HAL_Driver/Src/stm32f4xx_hal_tim_ex.o
 .debug_aranges
                0x0000000000000fc0      0x200 ./Drivers/STM32F4xx_HAL_Driver/Src/stm32f4xx_hal_uart.o

.debug_ranges   0x0000000000000000     0x10f0
 .debug_ranges  0x0000000000000000      0x158 ./Core/Src/lora_sx1276.o
 .debug_ranges  0x0000000000000158       0x80 ./Core/Src/main.o
 .debug_ranges  0x00000000000001d8       0x50 ./Core/Src/stm32f4xx_hal_msp.o
 .debug_ranges  0x0000000000000228       0x70 ./Core/Src/stm32f4xx_it.o
 .debug_ranges  0x0000000000000298       0x18 ./Core/Src/system_stm32f4xx.o
 .debug_ranges  0x00000000000002b0       0x20 ./Core/Startup/startup_stm32f446zetx.o
 .debug_ranges  0x00000000000002d0       0xe0 ./Drivers/STM32F4xx_HAL_Driver/Src/stm32f4xx_hal.o
 .debug_ranges  0x00000000000003b0      0x108 ./Drivers/STM32F4xx_HAL_Driver/Src/stm32f4xx_hal_cortex.o
 .debug_ranges  0x00000000000004b8       0x80 ./Drivers/STM32F4xx_HAL_Driver/Src/stm32f4xx_hal_dma.o
 .debug_ranges  0x0000000000000538       0x48 ./Drivers/STM32F4xx_HAL_Driver/Src/stm32f4xx_hal_gpio.o
 .debug_ranges  0x0000000000000580       0x78 ./Drivers/STM32F4xx_HAL_Driver/Src/stm32f4xx_hal_rcc.o
 .debug_ranges  0x00000000000005f8       0x68 ./Drivers/STM32F4xx_HAL_Driver/Src/stm32f4xx_hal_rcc_ex.o
 .debug_ranges  0x0000000000000660      0x180 ./Drivers/STM32F4xx_HAL_Driver/Src/stm32f4xx_hal_sai.o
 .debug_ranges  0x00000000000007e0       0x18 ./Drivers/STM32F4xx_HAL_Driver/Src/stm32f4xx_hal_sai_ex.o
 .debug_ranges  0x00000000000007f8      0x1c0 ./Drivers/STM32F4xx_HAL_Driver/Src/stm32f4xx_hal_spi.o
 .debug_ranges  0x00000000000009b8      0x3c0 ./Drivers/STM32F4xx_HAL_Driver/Src/stm32f4xx_hal_tim.o
 .debug_ranges  0x0000000000000d78      0x158 ./Drivers/STM32F4xx_HAL_Driver/Src/stm32f4xx_hal_tim_ex.o
 .debug_ranges  0x0000000000000ed0      0x220 ./Drivers/STM32F4xx_HAL_Driver/Src/stm32f4xx_hal_uart.o

.debug_macro    0x0000000000000000    0x22ffc
 .debug_macro   0x0000000000000000      0x353 ./Core/Src/lora_sx1276.o
 .debug_macro   0x0000000000000353      0xa78 ./Core/Src/lora_sx1276.o
 .debug_macro   0x0000000000000dcb      0x2a7 ./Core/Src/lora_sx1276.o
 .debug_macro   0x0000000000001072       0x2e ./Core/Src/lora_sx1276.o
 .debug_macro   0x00000000000010a0       0x28 ./Core/Src/lora_sx1276.o
 .debug_macro   0x00000000000010c8       0x22 ./Core/Src/lora_sx1276.o
 .debug_macro   0x00000000000010ea       0x8e ./Core/Src/lora_sx1276.o
 .debug_macro   0x0000000000001178       0x51 ./Core/Src/lora_sx1276.o
 .debug_macro   0x00000000000011c9      0x103 ./Core/Src/lora_sx1276.o
 .debug_macro   0x00000000000012cc       0x6a ./Core/Src/lora_sx1276.o
 .debug_macro   0x0000000000001336      0x1df ./Core/Src/lora_sx1276.o
 .debug_macro   0x0000000000001515       0x1c ./Core/Src/lora_sx1276.o
 .debug_macro   0x0000000000001531       0x22 ./Core/Src/lora_sx1276.o
 .debug_macro   0x0000000000001553       0xd9 ./Core/Src/lora_sx1276.o
 .debug_macro   0x000000000000162c     0x102d ./Core/Src/lora_sx1276.o
 .debug_macro   0x0000000000002659      0x11f ./Core/Src/lora_sx1276.o
 .debug_macro   0x0000000000002778    0x16749 ./Core/Src/lora_sx1276.o
 .debug_macro   0x0000000000018ec1       0x6d ./Core/Src/lora_sx1276.o
 .debug_macro   0x0000000000018f2e     0x3666 ./Core/Src/lora_sx1276.o
 .debug_macro   0x000000000001c594      0x174 ./Core/Src/lora_sx1276.o
 .debug_macro   0x000000000001c708       0x5c ./Core/Src/lora_sx1276.o
 .debug_macro   0x000000000001c764      0xc90 ./Core/Src/lora_sx1276.o
 .debug_macro   0x000000000001d3f4      0x9fe ./Core/Src/lora_sx1276.o
 .debug_macro   0x000000000001ddf2      0x116 ./Core/Src/lora_sx1276.o
 .debug_macro   0x000000000001df08      0x1a0 ./Core/Src/lora_sx1276.o
 .debug_macro   0x000000000001e0a8       0xa5 ./Core/Src/lora_sx1276.o
 .debug_macro   0x000000000001e14d      0x16d ./Core/Src/lora_sx1276.o
 .debug_macro   0x000000000001e2ba      0x287 ./Core/Src/lora_sx1276.o
 .debug_macro   0x000000000001e541       0x5f ./Core/Src/lora_sx1276.o
 .debug_macro   0x000000000001e5a0      0x236 ./Core/Src/lora_sx1276.o
 .debug_macro   0x000000000001e7d6      0x132 ./Core/Src/lora_sx1276.o
 .debug_macro   0x000000000001e908      0x29c ./Core/Src/lora_sx1276.o
 .debug_macro   0x000000000001eba4       0x2e ./Core/Src/lora_sx1276.o
 .debug_macro   0x000000000001ebd2      0x11a ./Core/Src/lora_sx1276.o
 .debug_macro   0x000000000001ecec       0xe8 ./Core/Src/lora_sx1276.o
 .debug_macro   0x000000000001edd4       0x89 ./Core/Src/lora_sx1276.o
 .debug_macro   0x000000000001ee5d      0x383 ./Core/Src/lora_sx1276.o
 .debug_macro   0x000000000001f1e0       0x28 ./Core/Src/lora_sx1276.o
 .debug_macro   0x000000000001f208       0xc8 ./Core/Src/lora_sx1276.o
 .debug_macro   0x000000000001f2d0      0x225 ./Core/Src/lora_sx1276.o
 .debug_macro   0x000000000001f4f5      0x8d1 ./Core/Src/lora_sx1276.o
 .debug_macro   0x000000000001fdc6       0x4d ./Core/Src/lora_sx1276.o
 .debug_macro   0x000000000001fe13      0x295 ./Core/Src/lora_sx1276.o
 .debug_macro   0x00000000000200a8      0x126 ./Core/Src/lora_sx1276.o
 .debug_macro   0x00000000000201ce       0x1c ./Core/Src/lora_sx1276.o
 .debug_macro   0x00000000000201ea       0x94 ./Core/Src/lora_sx1276.o
 .debug_macro   0x000000000002027e      0x427 ./Core/Src/main.o
 .debug_macro   0x00000000000206a5       0x52 ./Core/Src/main.o
 .debug_macro   0x00000000000206f7       0x1e ./Core/Src/main.o
 .debug_macro   0x0000000000020715       0x3c ./Core/Src/main.o
 .debug_macro   0x0000000000020751       0x34 ./Core/Src/main.o
 .debug_macro   0x0000000000020785       0x16 ./Core/Src/main.o
 .debug_macro   0x000000000002079b       0x35 ./Core/Src/main.o
 .debug_macro   0x00000000000207d0      0x341 ./Core/Src/main.o
 .debug_macro   0x0000000000020b11       0x10 ./Core/Src/main.o
 .debug_macro   0x0000000000020b21       0x16 ./Core/Src/main.o
 .debug_macro   0x0000000000020b37       0x43 ./Core/Src/main.o
 .debug_macro   0x0000000000020b7a       0x34 ./Core/Src/main.o
 .debug_macro   0x0000000000020bae       0x10 ./Core/Src/main.o
 .debug_macro   0x0000000000020bbe       0x58 ./Core/Src/main.o
 .debug_macro   0x0000000000020c16       0x71 ./Core/Src/main.o
 .debug_macro   0x0000000000020c87       0x1c ./Core/Src/main.o
 .debug_macro   0x0000000000020ca3      0x12a ./Core/Src/main.o
 .debug_macro   0x0000000000020dcd       0x10 ./Core/Src/main.o
 .debug_macro   0x0000000000020ddd       0x1c ./Core/Src/main.o
 .debug_macro   0x0000000000020df9       0x52 ./Core/Src/main.o
 .debug_macro   0x0000000000020e4b       0x22 ./Core/Src/main.o
 .debug_macro   0x0000000000020e6d       0x10 ./Core/Src/main.o
 .debug_macro   0x0000000000020e7d       0x52 ./Core/Src/main.o
 .debug_macro   0x0000000000020ecf       0xd5 ./Core/Src/main.o
 .debug_macro   0x0000000000020fa4       0x1c ./Core/Src/main.o
 .debug_macro   0x0000000000020fc0       0x3d ./Core/Src/main.o
 .debug_macro   0x0000000000020ffd       0x16 ./Core/Src/main.o
 .debug_macro   0x0000000000021013      0x145 ./Core/Src/main.o
 .debug_macro   0x0000000000021158       0x16 ./Core/Src/main.o
 .debug_macro   0x000000000002116e       0x16 ./Core/Src/main.o
 .debug_macro   0x0000000000021184       0x29 ./Core/Src/main.o
 .debug_macro   0x00000000000211ad       0x22 ./Core/Src/main.o
 .debug_macro   0x00000000000211cf       0x16 ./Core/Src/main.o
 .debug_macro   0x00000000000211e5       0x20 ./Core/Src/main.o
 .debug_macro   0x0000000000021205      0x200 ./Core/Src/stm32f4xx_hal_msp.o
 .debug_macro   0x0000000000021405      0x20a ./Core/Src/stm32f4xx_it.o
 .debug_macro   0x000000000002160f      0x1f1 ./Core/Src/system_stm32f4xx.o
 .debug_macro   0x0000000000021800      0x251 ./Drivers/STM32F4xx_HAL_Driver/Src/stm32f4xx_hal.o
 .debug_macro   0x0000000000021a51      0x1f1 ./Drivers/STM32F4xx_HAL_Driver/Src/stm32f4xx_hal_cortex.o
 .debug_macro   0x0000000000021c42      0x1f7 ./Drivers/STM32F4xx_HAL_Driver/Src/stm32f4xx_hal_dma.o
 .debug_macro   0x0000000000021e39      0x1f7 ./Drivers/STM32F4xx_HAL_Driver/Src/stm32f4xx_hal_gpio.o
 .debug_macro   0x0000000000022030      0x215 ./Drivers/STM32F4xx_HAL_Driver/Src/stm32f4xx_hal_rcc.o
 .debug_macro   0x0000000000022245      0x1f1 ./Drivers/STM32F4xx_HAL_Driver/Src/stm32f4xx_hal_rcc_ex.o
 .debug_macro   0x0000000000022436      0x200 ./Drivers/STM32F4xx_HAL_Driver/Src/stm32f4xx_hal_sai.o
 .debug_macro   0x0000000000022636      0x1f1 ./Drivers/STM32F4xx_HAL_Driver/Src/stm32f4xx_hal_sai_ex.o
 .debug_macro   0x0000000000022827      0x200 ./Drivers/STM32F4xx_HAL_Driver/Src/stm32f4xx_hal_spi.o
 .debug_macro   0x0000000000022a27      0x1f2 ./Drivers/STM32F4xx_HAL_Driver/Src/stm32f4xx_hal_tim.o
 .debug_macro   0x0000000000022c19      0x1f1 ./Drivers/STM32F4xx_HAL_Driver/Src/stm32f4xx_hal_tim_ex.o
 .debug_macro   0x0000000000022e0a      0x1f2 ./Drivers/STM32F4xx_HAL_Driver/Src/stm32f4xx_hal_uart.o

.debug_line     0x0000000000000000    0x14268
 .debug_line    0x0000000000000000      0xd6e ./Core/Src/lora_sx1276.o
 .debug_line    0x0000000000000d6e      0xe29 ./Core/Src/main.o
 .debug_line    0x0000000000001b97      0x947 ./Core/Src/stm32f4xx_hal_msp.o
 .debug_line    0x00000000000024de      0x852 ./Core/Src/stm32f4xx_it.o
 .debug_line    0x0000000000002d30      0x7b1 ./Core/Src/system_stm32f4xx.o
 .debug_line    0x00000000000034e1       0x88 ./Core/Startup/startup_stm32f446zetx.o
 .debug_line    0x0000000000003569      0xa17 ./Drivers/STM32F4xx_HAL_Driver/Src/stm32f4xx_hal.o
 .debug_line    0x0000000000003f80      0xcc6 ./Drivers/STM32F4xx_HAL_Driver/Src/stm32f4xx_hal_cortex.o
 .debug_line    0x0000000000004c46      0xf7e ./Drivers/STM32F4xx_HAL_Driver/Src/stm32f4xx_hal_dma.o
 .debug_line    0x0000000000005bc4      0xb79 ./Drivers/STM32F4xx_HAL_Driver/Src/stm32f4xx_hal_gpio.o
 .debug_line    0x000000000000673d      0xd9d ./Drivers/STM32F4xx_HAL_Driver/Src/stm32f4xx_hal_rcc.o
 .debug_line    0x00000000000074da     0x1427 ./Drivers/STM32F4xx_HAL_Driver/Src/stm32f4xx_hal_rcc_ex.o
 .debug_line    0x0000000000008901     0x1940 ./Drivers/STM32F4xx_HAL_Driver/Src/stm32f4xx_hal_sai.o
 .debug_line    0x000000000000a241      0x7bf ./Drivers/STM32F4xx_HAL_Driver/Src/stm32f4xx_hal_sai_ex.o
 .debug_line    0x000000000000aa00     0x1c9f ./Drivers/STM32F4xx_HAL_Driver/Src/stm32f4xx_hal_spi.o
 .debug_line    0x000000000000c69f     0x3717 ./Drivers/STM32F4xx_HAL_Driver/Src/stm32f4xx_hal_tim.o
 .debug_line    0x000000000000fdb6     0x1a14 ./Drivers/STM32F4xx_HAL_Driver/Src/stm32f4xx_hal_tim_ex.o
 .debug_line    0x00000000000117ca     0x2a9e ./Drivers/STM32F4xx_HAL_Driver/Src/stm32f4xx_hal_uart.o

.debug_str      0x0000000000000000    0xd6066
 .debug_str     0x0000000000000000    0xcd70b ./Core/Src/lora_sx1276.o
                                      0xcda61 (size before relaxing)
 .debug_str     0x00000000000cd70b     0x523a ./Core/Src/main.o
                                      0xd2397 (size before relaxing)
 .debug_str     0x00000000000d2945      0x2b0 ./Core/Src/stm32f4xx_hal_msp.o
                                      0xcddb3 (size before relaxing)
 .debug_str     0x00000000000d2bf5      0x155 ./Core/Src/stm32f4xx_it.o
                                      0xcd0d2 (size before relaxing)
 .debug_str     0x00000000000d2d4a       0xdb ./Core/Src/system_stm32f4xx.o
                                      0xcc9ef (size before relaxing)
 .debug_str     0x00000000000d2e25       0x36 ./Core/Startup/startup_stm32f446zetx.o
                                         0x5a (size before relaxing)
 .debug_str     0x00000000000d2e5b      0x603 ./Drivers/STM32F4xx_HAL_Driver/Src/stm32f4xx_hal.o
                                      0xcd5b4 (size before relaxing)
 .debug_str     0x00000000000d345e      0x31c ./Drivers/STM32F4xx_HAL_Driver/Src/stm32f4xx_hal_cortex.o
                                      0xcd2c2 (size before relaxing)
 .debug_str     0x00000000000d377a      0x2e6 ./Drivers/STM32F4xx_HAL_Driver/Src/stm32f4xx_hal_dma.o
                                      0xccde4 (size before relaxing)
 .debug_str     0x00000000000d3a60      0x121 ./Drivers/STM32F4xx_HAL_Driver/Src/stm32f4xx_hal_gpio.o
                                      0xccb6a (size before relaxing)
 .debug_str     0x00000000000d3b81      0x228 ./Drivers/STM32F4xx_HAL_Driver/Src/stm32f4xx_hal_rcc.o
                                      0xcce28 (size before relaxing)
 .debug_str     0x00000000000d3da9      0x193 ./Drivers/STM32F4xx_HAL_Driver/Src/stm32f4xx_hal_rcc_ex.o
                                      0xcce5b (size before relaxing)
 .debug_str     0x00000000000d3f3c      0x3cb ./Drivers/STM32F4xx_HAL_Driver/Src/stm32f4xx_hal_sai.o
                                      0xcd216 (size before relaxing)
 .debug_str     0x00000000000d4307       0x47 ./Drivers/STM32F4xx_HAL_Driver/Src/stm32f4xx_hal_sai_ex.o
                                      0xccda9 (size before relaxing)
 .debug_str     0x00000000000d434e      0x512 ./Drivers/STM32F4xx_HAL_Driver/Src/stm32f4xx_hal_spi.o
                                      0xcd28e (size before relaxing)
 .debug_str     0x00000000000d4860      0xddd ./Drivers/STM32F4xx_HAL_Driver/Src/stm32f4xx_hal_tim.o
                                      0xcdd44 (size before relaxing)
 .debug_str     0x00000000000d563d      0x493 ./Drivers/STM32F4xx_HAL_Driver/Src/stm32f4xx_hal_tim_ex.o
                                      0xcd560 (size before relaxing)
 .debug_str     0x00000000000d5ad0      0x596 ./Drivers/STM32F4xx_HAL_Driver/Src/stm32f4xx_hal_uart.o
                                      0xcd39d (size before relaxing)

.comment        0x0000000000000000       0x50
 .comment       0x0000000000000000       0x50 ./Core/Src/lora_sx1276.o
                                         0x51 (size before relaxing)
 .comment       0x0000000000000050       0x51 ./Core/Src/main.o
 .comment       0x0000000000000050       0x51 ./Core/Src/stm32f4xx_hal_msp.o
 .comment       0x0000000000000050       0x51 ./Core/Src/stm32f4xx_it.o
 .comment       0x0000000000000050       0x51 ./Core/Src/system_stm32f4xx.o
 .comment       0x0000000000000050       0x51 ./Drivers/STM32F4xx_HAL_Driver/Src/stm32f4xx_hal.o
 .comment       0x0000000000000050       0x51 ./Drivers/STM32F4xx_HAL_Driver/Src/stm32f4xx_hal_cortex.o
 .comment       0x0000000000000050       0x51 ./Drivers/STM32F4xx_HAL_Driver/Src/stm32f4xx_hal_dma.o
 .comment       0x0000000000000050       0x51 ./Drivers/STM32F4xx_HAL_Driver/Src/stm32f4xx_hal_gpio.o
 .comment       0x0000000000000050       0x51 ./Drivers/STM32F4xx_HAL_Driver/Src/stm32f4xx_hal_rcc.o
 .comment       0x0000000000000050       0x51 ./Drivers/STM32F4xx_HAL_Driver/Src/stm32f4xx_hal_rcc_ex.o
 .comment       0x0000000000000050       0x51 ./Drivers/STM32F4xx_HAL_Driver/Src/stm32f4xx_hal_sai.o
 .comment       0x0000000000000050       0x51 ./Drivers/STM32F4xx_HAL_Driver/Src/stm32f4xx_hal_sai_ex.o
 .comment       0x0000000000000050       0x51 ./Drivers/STM32F4xx_HAL_Driver/Src/stm32f4xx_hal_spi.o
 .comment       0x0000000000000050       0x51 ./Drivers/STM32F4xx_HAL_Driver/Src/stm32f4xx_hal_tim.o
 .comment       0x0000000000000050       0x51 ./Drivers/STM32F4xx_HAL_Driver/Src/stm32f4xx_hal_tim_ex.o
 .comment       0x0000000000000050       0x51 ./Drivers/STM32F4xx_HAL_Driver/Src/stm32f4xx_hal_uart.o

.debug_frame    0x0000000000000000     0x4c18
 .debug_frame   0x0000000000000000      0x5fc ./Core/Src/lora_sx1276.o
 .debug_frame   0x00000000000005fc      0x210 ./Core/Src/main.o
 .debug_frame   0x000000000000080c      0x15c ./Core/Src/stm32f4xx_hal_msp.o
 .debug_frame   0x0000000000000968      0x174 ./Core/Src/stm32f4xx_it.o
 .debug_frame   0x0000000000000adc       0x58 ./Core/Src/system_stm32f4xx.o
 .debug_frame   0x0000000000000b34      0x374 ./Drivers/STM32F4xx_HAL_Driver/Src/stm32f4xx_hal.o
 .debug_frame   0x0000000000000ea8      0x498 ./Drivers/STM32F4xx_HAL_Driver/Src/stm32f4xx_hal_cortex.o
 .debug_frame   0x0000000000001340      0x250 ./Drivers/STM32F4xx_HAL_Driver/Src/stm32f4xx_hal_dma.o
 .debug_frame   0x0000000000001590      0x14c ./Drivers/STM32F4xx_HAL_Driver/Src/stm32f4xx_hal_gpio.o
 .debug_frame   0x00000000000016dc      0x1f4 ./Drivers/STM32F4xx_HAL_Driver/Src/stm32f4xx_hal_rcc.o
 .debug_frame   0x00000000000018d0      0x1e8 ./Drivers/STM32F4xx_HAL_Driver/Src/stm32f4xx_hal_rcc_ex.o
 .debug_frame   0x0000000000001ab8      0x698 ./Drivers/STM32F4xx_HAL_Driver/Src/stm32f4xx_hal_sai.o
 .debug_frame   0x0000000000002150       0x5c ./Drivers/STM32F4xx_HAL_Driver/Src/stm32f4xx_hal_sai_ex.o
 .debug_frame   0x00000000000021ac      0x824 ./Drivers/STM32F4xx_HAL_Driver/Src/stm32f4xx_hal_spi.o
 .debug_frame   0x00000000000029d0     0x11c4 ./Drivers/STM32F4xx_HAL_Driver/Src/stm32f4xx_hal_tim.o
 .debug_frame   0x0000000000003b94      0x638 ./Drivers/STM32F4xx_HAL_Driver/Src/stm32f4xx_hal_tim_ex.o
 .debug_frame   0x00000000000041cc      0x92c ./Drivers/STM32F4xx_HAL_Driver/Src/stm32f4xx_hal_uart.o
 .debug_frame   0x0000000000004af8       0x2c /Applications/STM32CubeIDE.app/Contents/Eclipse/plugins/com.st.stm32cube.ide.mcu.externaltools.gnu-tools-for-stm32.10.3-2021.10.macos64_1.0.0.202111181127/tools/bin/../lib/gcc/arm-none-eabi/10.3.1/../../../../arm-none-eabi/lib/thumb/v7e-m+fp/hard/libc_nano.a(lib_a-init.o)
 .debug_frame   0x0000000000004b24       0x28 /Applications/STM32CubeIDE.app/Contents/Eclipse/plugins/com.st.stm32cube.ide.mcu.externaltools.gnu-tools-for-stm32.10.3-2021.10.macos64_1.0.0.202111181127/tools/bin/../lib/gcc/arm-none-eabi/10.3.1/../../../../arm-none-eabi/lib/thumb/v7e-m+fp/hard/libc_nano.a(lib_a-memcpy-stub.o)
 .debug_frame   0x0000000000004b4c       0x20 /Applications/STM32CubeIDE.app/Contents/Eclipse/plugins/com.st.stm32cube.ide.mcu.externaltools.gnu-tools-for-stm32.10.3-2021.10.macos64_1.0.0.202111181127/tools/bin/../lib/gcc/arm-none-eabi/10.3.1/../../../../arm-none-eabi/lib/thumb/v7e-m+fp/hard/libc_nano.a(lib_a-memset.o)
 .debug_frame   0x0000000000004b6c       0x4c /Applications/STM32CubeIDE.app/Contents/Eclipse/plugins/com.st.stm32cube.ide.mcu.externaltools.gnu-tools-for-stm32.10.3-2021.10.macos64_1.0.0.202111181127/tools/bin/../lib/gcc/arm-none-eabi/10.3.1/thumb/v7e-m+fp/hard/libgcc.a(_arm_addsubsf3.o)
 .debug_frame   0x0000000000004bb8       0x2c /Applications/STM32CubeIDE.app/Contents/Eclipse/plugins/com.st.stm32cube.ide.mcu.externaltools.gnu-tools-for-stm32.10.3-2021.10.macos64_1.0.0.202111181127/tools/bin/../lib/gcc/arm-none-eabi/10.3.1/thumb/v7e-m+fp/hard/libgcc.a(_aeabi_uldivmod.o)
 .debug_frame   0x0000000000004be4       0x34 /Applications/STM32CubeIDE.app/Contents/Eclipse/plugins/com.st.stm32cube.ide.mcu.externaltools.gnu-tools-for-stm32.10.3-2021.10.macos64_1.0.0.202111181127/tools/bin/../lib/gcc/arm-none-eabi/10.3.1/thumb/v7e-m+fp/hard/libgcc.a(_udivmoddi4.o)
