../Core/Src/main.c:148:6:HAL_TIM_IC_CaptureCallback	16	static
../Core/Src/main.c:152:6:HAL_UART_RxCpltCallback	24	static
../Core/Src/main.c:182:5:main	24	static
../Core/Src/main.c:271:6:SystemClock_Config	88	static
../Core/Src/main.c:317:13:MX_SAI1_Init	8	static
../Core/Src/main.c:356:13:MX_SPI1_Init	8	static
../Core/Src/main.c:394:13:MX_TIM2_Init	32	static
../Core/Src/main.c:442:13:MX_USART1_UART_Init	8	static
../Core/Src/main.c:475:13:MX_USART2_UART_Init	8	static
../Core/Src/main.c:506:13:MX_DMA_Init	16	static
../Core/Src/main.c:531:13:MX_GPIO_Init	56	static
../Core/Src/main.c:587:6:HAL_SAI_RxHalfCpltCallback	16	static
../Core/Src/main.c:591:6:HAL_SAI_RxCpltCallback	16	static
../Core/Src/main.c:595:6:sendData	8672	static
../Core/Src/main.c:694:6:Error_Handler	4	static,ignoring_inline_asm
