../Core/Src/main.c:117:6:HAL_TIM_IC_CaptureCallback	16	static
../Core/Src/main.c:121:6:HAL_UART_RxCpltCallback	16	static
../Core/Src/main.c:132:5:main	32	static
../Core/Src/main.c:213:6:SystemClock_Config	88	static
../Core/Src/main.c:259:13:MX_SAI1_Init	8	static
../Core/Src/main.c:298:13:MX_SPI1_Init	8	static
../Core/Src/main.c:336:13:MX_TIM2_Init	32	static
../Core/Src/main.c:384:13:MX_USART1_UART_Init	8	static
../Core/Src/main.c:417:13:MX_USART2_UART_Init	8	static
../Core/Src/main.c:448:13:MX_DMA_Init	16	static
../Core/Src/main.c:470:13:MX_GPIO_Init	56	static
../Core/Src/main.c:526:6:HAL_SAI_RxHalfCpltCallback	16	static
../Core/Src/main.c:530:6:HAL_SAI_RxCpltCallback	16	static
../Core/Src/main.c:534:6:sendData	2632	static
../Core/Src/main.c:613:6:Error_Handler	4	static,ignoring_inline_asm
